[    0.000000] Linux version 4.15.0-143-generic (buildd@lcy01-amd64-001) (gcc version 7.5.0 (Ubuntu 7.5.0-3ubuntu1~18.04)) #147-Ubuntu SMP Wed Apr 14 16:10:11 UTC 2021 (Ubuntu 4.15.0-143.147-generic 4.15.18)
[    0.000000] Command line: BOOT_IMAGE=/boot/vmlinuz-4.15.0-143-generic root=LABEL=cloudimg-rootfs ro console=tty1 console=ttyS0
[    0.000000] KERNEL supported cpus:
[    0.000000]   Intel GenuineIntel
[    0.000000]   AMD AuthenticAMD
[    0.000000]   Centaur CentaurHauls
[    0.000000] x86/fpu: Supporting XSAVE feature 0x001: 'x87 floating point registers'
[    0.000000] x86/fpu: Supporting XSAVE feature 0x002: 'SSE registers'
[    0.000000] x86/fpu: Supporting XSAVE feature 0x004: 'AVX registers'
[    0.000000] x86/fpu: xstate_offset[2]:  576, xstate_sizes[2]:  256
[    0.000000] x86/fpu: Enabled xstate features 0x7, context size is 832 bytes, using 'standard' format.
[    0.000000] e820: BIOS-provided physical RAM map:
[    0.000000] BIOS-e820: [mem 0x0000000000000000-0x000000000009fbff] usable
[    0.000000] BIOS-e820: [mem 0x000000000009fc00-0x000000000009ffff] reserved
[    0.000000] BIOS-e820: [mem 0x00000000000f0000-0x00000000000fffff] reserved
[    0.000000] BIOS-e820: [mem 0x0000000000100000-0x000000003ffeffff] usable
[    0.000000] BIOS-e820: [mem 0x000000003fff0000-0x000000003fffffff] ACPI data
[    0.000000] BIOS-e820: [mem 0x00000000fec00000-0x00000000fec00fff] reserved
[    0.000000] BIOS-e820: [mem 0x00000000fee00000-0x00000000fee00fff] reserved
[    0.000000] BIOS-e820: [mem 0x00000000fffc0000-0x00000000ffffffff] reserved
[    0.000000] NX (Execute Disable) protection: active
[    0.000000] SMBIOS 2.5 present.
[    0.000000] DMI: innotek GmbH VirtualBox/VirtualBox, BIOS VirtualBox 12/01/2006
[    0.000000] Hypervisor detected: KVM
[    0.000000] e820: last_pfn = 0x3fff0 max_arch_pfn = 0x400000000
[    0.000000] MTRR: Disabled
[    0.000000] x86/PAT: MTRRs disabled, skipping PAT initialization too.
[    0.000000] CPU MTRRs all blank - virtualized system.
[    0.000000] x86/PAT: Configuration [0-7]: WB  WT  UC- UC  WB  WT  UC- UC  
[    0.000000] found SMP MP-table at [mem 0x0009fff0-0x0009ffff]
[    0.000000] Scanning 1 areas for low memory corruption
[    0.000000] RAMDISK: [mem 0x359d1000-0x36cdffff]
[    0.000000] ACPI: Early table checksum verification disabled
[    0.000000] ACPI: RSDP 0x00000000000E0000 000024 (v02 VBOX  )
[    0.000000] ACPI: XSDT 0x000000003FFF0030 00003C (v01 VBOX   VBOXXSDT 00000001 ASL  00000061)
[    0.000000] ACPI: FACP 0x000000003FFF00F0 0000F4 (v04 VBOX   VBOXFACP 00000001 ASL  00000061)
[    0.000000] ACPI: DSDT 0x000000003FFF0470 002325 (v02 VBOX   VBOXBIOS 00000002 INTL 20100528)
[    0.000000] ACPI: FACS 0x000000003FFF0200 000040
[    0.000000] ACPI: FACS 0x000000003FFF0200 000040
[    0.000000] ACPI: APIC 0x000000003FFF0240 000054 (v02 VBOX   VBOXAPIC 00000001 ASL  00000061)
[    0.000000] ACPI: SSDT 0x000000003FFF02A0 0001CC (v01 VBOX   VBOXCPUT 00000002 INTL 20100528)
[    0.000000] No NUMA configuration found
[    0.000000] Faking a node at [mem 0x0000000000000000-0x000000003ffeffff]
[    0.000000] NODE_DATA(0) allocated [mem 0x3ffc5000-0x3ffeffff]
[    0.000000] kvm-clock: cpu 0, msr 0:3ff44001, primary cpu clock
[    0.000000] kvm-clock: Using msrs 4b564d01 and 4b564d00
[    0.000000] kvm-clock: using sched offset of 4222562650 cycles
[    0.000000] clocksource: kvm-clock: mask: 0xffffffffffffffff max_cycles: 0x1cd42e4dffb, max_idle_ns: 881590591483 ns
[    0.000000] Zone ranges:
[    0.000000]   DMA      [mem 0x0000000000001000-0x0000000000ffffff]
[    0.000000]   DMA32    [mem 0x0000000001000000-0x000000003ffeffff]
[    0.000000]   Normal   empty
[    0.000000]   Device   empty
[    0.000000] Movable zone start for each node
[    0.000000] Early memory node ranges
[    0.000000]   node   0: [mem 0x0000000000001000-0x000000000009efff]
[    0.000000]   node   0: [mem 0x0000000000100000-0x000000003ffeffff]
[    0.000000] Reserved but unavailable: 98 pages
[    0.000000] Initmem setup node 0 [mem 0x0000000000001000-0x000000003ffeffff]
[    0.000000] ACPI: PM-Timer IO Port: 0x4008
[    0.000000] IOAPIC[0]: apic_id 1, version 32, address 0xfec00000, GSI 0-23
[    0.000000] ACPI: INT_SRC_OVR (bus 0 bus_irq 0 global_irq 2 dfl dfl)
[    0.000000] ACPI: INT_SRC_OVR (bus 0 bus_irq 9 global_irq 9 low level)
[    0.000000] Using ACPI (MADT) for SMP configuration information
[    0.000000] smpboot: Allowing 1 CPUs, 0 hotplug CPUs
[    0.000000] PM: Registered nosave memory: [mem 0x00000000-0x00000fff]
[    0.000000] PM: Registered nosave memory: [mem 0x0009f000-0x0009ffff]
[    0.000000] PM: Registered nosave memory: [mem 0x000a0000-0x000effff]
[    0.000000] PM: Registered nosave memory: [mem 0x000f0000-0x000fffff]
[    0.000000] e820: [mem 0x40000000-0xfebfffff] available for PCI devices
[    0.000000] Booting paravirtualized kernel on KVM
[    0.000000] clocksource: refined-jiffies: mask: 0xffffffff max_cycles: 0xffffffff, max_idle_ns: 7645519600211568 ns
[    0.000000] random: get_random_bytes called from start_kernel+0x99/0x500 with crng_init=0
[    0.000000] setup_percpu: NR_CPUS:8192 nr_cpumask_bits:1 nr_cpu_ids:1 nr_node_ids:1
[    0.000000] percpu: Embedded 45 pages/cpu s147456 r8192 d28672 u2097152
[    0.000000] PV qspinlock hash table entries: 256 (order: 0, 4096 bytes)
[    0.000000] Built 1 zonelists, mobility grouping on.  Total pages: 257913
[    0.000000] Policy zone: DMA32
[    0.000000] Kernel command line: BOOT_IMAGE=/boot/vmlinuz-4.15.0-143-generic root=LABEL=cloudimg-rootfs ro console=tty1 console=ttyS0
[    0.000000] Memory: 982904K/1048120K available (12300K kernel code, 2483K rwdata, 4316K rodata, 2444K init, 2724K bss, 65216K reserved, 0K cma-reserved)
[    0.000000] SLUB: HWalign=64, Order=0-3, MinObjects=0, CPUs=1, Nodes=1
[    0.000000] Kernel/User page tables isolation: enabled
[    0.000000] ftrace: allocating 39437 entries in 155 pages
[    0.004000] Hierarchical RCU implementation.
[    0.004000] 	RCU restricting CPUs from NR_CPUS=8192 to nr_cpu_ids=1.
[    0.004000] 	Tasks RCU enabled.
[    0.004000] RCU: Adjusting geometry for rcu_fanout_leaf=16, nr_cpu_ids=1
[    0.004000] NR_IRQS: 524544, nr_irqs: 256, preallocated irqs: 16
[    0.004000] Console: colour VGA+ 80x25
[    0.004000] console [tty1] enabled
[    0.004000] console [ttyS0] enabled
[    0.004000] ACPI: Core revision 20170831
[    0.004000] ACPI: 2 ACPI AML tables successfully acquired and loaded
[    0.004000] APIC: Switch to symmetric I/O mode setup
[    0.004000] x2apic enabled
[    0.004000] Switched APIC routing to physical x2apic.
[    0.004000] ..TIMER: vector=0x30 apic1=0 pin1=2 apic2=-1 pin2=-1
[    0.004000] tsc: Detected 2591.998 MHz processor
[    0.004012] Calibrating delay loop (skipped) preset value.. 5183.99 BogoMIPS (lpj=10367992)
[    0.005186] pid_max: default: 32768 minimum: 301
[    0.005878] Security Framework initialized
[    0.006492] Yama: becoming mindful.
[    0.007045] AppArmor: AppArmor initialized
[    0.008000] Dentry cache hash table entries: 131072 (order: 8, 1048576 bytes)
[    0.008058] Inode-cache hash table entries: 65536 (order: 7, 524288 bytes)
[    0.008992] Mount-cache hash table entries: 2048 (order: 2, 16384 bytes)
[    0.009851] Mountpoint-cache hash table entries: 2048 (order: 2, 16384 bytes)
[    0.011004] process: using mwait in idle threads
[    0.011594] Last level iTLB entries: 4KB 64, 2MB 8, 4MB 8
[    0.012002] Last level dTLB entries: 4KB 64, 2MB 0, 4MB 0, 1GB 4
[    0.012721] Spectre V1 : Mitigation: usercopy/swapgs barriers and __user pointer sanitization
[    0.013724] Spectre V2 : Mitigation: Full generic retpoline
[    0.014376] Spectre V2 : Spectre v2 / SpectreRSB mitigation: Filling RSB on context switch
[    0.015363] Speculative Store Bypass: Vulnerable
[    0.016019] SRBDS: Unknown: Dependent on hypervisor status
[    0.016727] MDS: Mitigation: Clear CPU buffers
[    0.023917] Freeing SMP alternatives memory: 36K
[    0.134642] smpboot: CPU0: Intel(R) Core(TM) i7-9750H CPU @ 2.60GHz (family: 0x6, model: 0x9e, stepping: 0xa)
[    0.136000] Performance Events: unsupported p6 CPU model 158 no PMU driver, software events only.
[    0.136000] Hierarchical SRCU implementation.
[    0.136000] NMI watchdog: Perf event create on CPU 0 failed with -2
[    0.136002] NMI watchdog: Perf NMI watchdog permanently disabled
[    0.136926] smp: Bringing up secondary CPUs ...
[    0.137549] smp: Brought up 1 node, 1 CPU
[    0.138047] smpboot: Max logical packages: 1
[    0.138580] smpboot: Total of 1 processors activated (5183.99 BogoMIPS)
[    0.140096] devtmpfs: initialized
[    0.140560] x86/mm: Memory block size: 128MB
[    0.141187] evm: security.selinux
[    0.141613] evm: security.SMACK64
[    0.142049] evm: security.SMACK64EXEC
[    0.142513] evm: security.SMACK64TRANSMUTE
[    0.143027] evm: security.SMACK64MMAP
[    0.143488] evm: security.apparmor
[    0.144003] evm: security.ima
[    0.144393] evm: security.capability
[    0.144912] clocksource: jiffies: mask: 0xffffffff max_cycles: 0xffffffff, max_idle_ns: 7645041785100000 ns
[    0.146098] futex hash table entries: 256 (order: 2, 16384 bytes)
[    0.146942] pinctrl core: initialized pinctrl subsystem
[    0.147642] RTC time: 13:00:40, date: 05/25/21
[    0.148075] NET: Registered protocol family 16
[    0.148669] audit: initializing netlink subsys (disabled)
[    0.149425] cpuidle: using governor ladder
[    0.149938] cpuidle: using governor menu
[    0.150499] ACPI: bus type PCI registered
[    0.151009] acpiphp: ACPI Hot Plug PCI Controller Driver version: 0.5
[    0.152006] audit: type=2000 audit(1621947646.085:1): state=initialized audit_enabled=0 res=1
[    0.153423] PCI: Using configuration type 1 for base access
[    0.154823] HugeTLB registered 2.00 MiB page size, pre-allocated 0 pages
[    0.160000] ACPI: Added _OSI(Module Device)
[    0.160004] ACPI: Added _OSI(Processor Device)
[    0.160553] ACPI: Added _OSI(3.0 _SCP Extensions)
[    0.161130] ACPI: Added _OSI(Processor Aggregator Device)
[    0.161784] ACPI: Added _OSI(Linux-Dell-Video)
[    0.162484] ACPI: Added _OSI(Linux-Lenovo-NV-HDMI-Audio)
[    0.163223] ACPI: Added _OSI(Linux-HPI-Hybrid-Graphics)
[    0.164236] ACPI: Executed 1 blocks of module-level executable AML code
[    0.167328] ACPI: Interpreter enabled
[    0.168021] ACPI: (supports S0 S5)
[    0.168492] ACPI: Using IOAPIC for interrupt routing
[    0.169330] PCI: Using host bridge windows from ACPI; if necessary, use "pci=nocrs" and report a bug
[    0.170866] ACPI: Enabled 2 GPEs in block 00 to 07
[    0.176418] ACPI: PCI Root Bridge [PCI0] (domain 0000 [bus 00-ff])
[    0.177491] acpi PNP0A03:00: _OSC: OS supports [ASPM ClockPM Segments MSI]
[    0.178622] acpi PNP0A03:00: _OSC: not requesting OS control; OS requires [ExtendedConfig ASPM ClockPM MSI]
[    0.179766] acpi PNP0A03:00: fail to add MMCONFIG information, can't access extended PCI configuration space under this bridge.
[    0.180281] PCI host bridge to bus 0000:00
[    0.180796] pci_bus 0000:00: root bus resource [io  0x0000-0x0cf7 window]
[    0.181635] pci_bus 0000:00: root bus resource [io  0x0d00-0xffff window]
[    0.182748] pci_bus 0000:00: root bus resource [mem 0x000a0000-0x000bffff window]
[    0.184002] pci_bus 0000:00: root bus resource [mem 0x40000000-0xfdffffff window]
[    0.185301] pci_bus 0000:00: root bus resource [bus 00-ff]
[    0.189113] pci 0000:00:01.1: legacy IDE quirk: reg 0x10: [io  0x01f0-0x01f7]
[    0.190424] pci 0000:00:01.1: legacy IDE quirk: reg 0x14: [io  0x03f6]
[    0.191529] pci 0000:00:01.1: legacy IDE quirk: reg 0x18: [io  0x0170-0x0177]
[    0.192003] pci 0000:00:01.1: legacy IDE quirk: reg 0x1c: [io  0x0376]
[    0.201625] pci 0000:00:07.0: quirk: [io  0x4000-0x403f] claimed by PIIX4 ACPI
[    0.202867] pci 0000:00:07.0: quirk: [io  0x4100-0x410f] claimed by PIIX4 SMB
[    0.208683] ACPI: PCI Interrupt Link [LNKA] (IRQs 5 9 10 *11)
[    0.209889] ACPI: PCI Interrupt Link [LNKB] (IRQs 5 9 *10 11)
[    0.211053] ACPI: PCI Interrupt Link [LNKC] (IRQs 5 *9 10 11)
[    0.211915] ACPI: PCI Interrupt Link [LNKD] (IRQs 5 9 10 *11)
[    0.212208] SCSI subsystem initialized
[    0.212780] pci 0000:00:02.0: vgaarb: setting as boot VGA device
[    0.213498] pci 0000:00:02.0: vgaarb: VGA device added: decodes=io+mem,owns=io+mem,locks=none
[    0.214507] pci 0000:00:02.0: vgaarb: bridge control possible
[    0.216001] vgaarb: loaded
[    0.216378] ACPI: bus type USB registered
[    0.216886] usbcore: registered new interface driver usbfs
[    0.217635] usbcore: registered new interface driver hub
[    0.218276] usbcore: registered new device driver usb
[    0.218924] EDAC MC: Ver: 3.0.0
[    0.220173] PCI: Using ACPI for IRQ routing
[    0.220891] NetLabel: Initializing
[    0.221326] NetLabel:  domain hash size = 128
[    0.221862] NetLabel:  protocols = UNLABELED CIPSOv4 CALIPSO
[    0.222553] NetLabel:  unlabeled traffic allowed by default
[    0.223270] clocksource: Switched to clocksource kvm-clock
[    0.271344] VFS: Disk quotas dquot_6.6.0
[    0.272210] VFS: Dquot-cache hash table entries: 512 (order 0, 4096 bytes)
[    0.273423] AppArmor: AppArmor Filesystem Enabled
[    0.274020] pnp: PnP ACPI init
[    0.275183] pnp: PnP ACPI: found 3 devices
[    0.280822] clocksource: acpi_pm: mask: 0xffffff max_cycles: 0xffffff, max_idle_ns: 2085701024 ns
[    0.282243] NET: Registered protocol family 2
[    0.283243] TCP established hash table entries: 8192 (order: 4, 65536 bytes)
[    0.284323] TCP bind hash table entries: 8192 (order: 5, 131072 bytes)
[    0.285384] TCP: Hash tables configured (established 8192 bind 8192)
[    0.286635] UDP hash table entries: 512 (order: 2, 16384 bytes)
[    0.287590] UDP-Lite hash table entries: 512 (order: 2, 16384 bytes)
[    0.288656] NET: Registered protocol family 1
[    0.289338] pci 0000:00:00.0: Limiting direct PCI/PCI transfers
[    0.290449] pci 0000:00:01.0: Activating ISA DMA hang workarounds
[    0.291962] pci 0000:00:02.0: Video device with shadowed ROM at [mem 0x000c0000-0x000dffff]
[    0.293600] Unpacking initramfs...
[    0.960921] Freeing initrd memory: 19516K
[    0.961729] clocksource: tsc: mask: 0xffffffffffffffff max_cycles: 0x255cb518234, max_idle_ns: 440795279333 ns
[    0.962962] platform rtc_cmos: registered platform RTC device (no PNP device found)
[    0.964043] Scanning for low memory corruption every 60 seconds
[    0.965071] Initialise system trusted keyrings
[    0.965630] Key type blacklist registered
[    0.966147] workingset: timestamp_bits=36 max_order=18 bucket_order=0
[    0.967559] zbud: loaded
[    0.968271] squashfs: version 4.0 (2009/01/31) Phillip Lougher
[    0.969057] fuse init (API version 7.26)
[    0.969999] Key type asymmetric registered
[    0.970503] Asymmetric key parser 'x509' registered
[    0.971217] Block layer SCSI generic (bsg) driver version 0.4 loaded (major 246)
[    0.972180] io scheduler noop registered
[    0.972787] io scheduler deadline registered
[    0.973533] io scheduler cfq registered (default)
[    0.974351] ACPI: AC Adapter [AC] (on-line)
[    0.975128] input: Power Button as /devices/LNXSYSTM:00/LNXPWRBN:00/input/input0
[    0.976058] ACPI: Power Button [PWRF]
[    0.976788] input: Sleep Button as /devices/LNXSYSTM:00/LNXSLPBN:00/input/input1
[    0.977731] ACPI: Sleep Button [SLPF]
[    0.978840] ACPI: Battery Slot [BAT0] (battery present)
[    0.979561] Serial: 8250/16550 driver, 32 ports, IRQ sharing enabled
[    1.001110] 00:02: ttyS0 at I/O 0x3f8 (irq = 4, base_baud = 115200) is a 16550A
[    1.003955] Linux agpgart interface v0.103
[    1.006095] loop: module loaded
[    1.007324] scsi host0: ata_piix
[    1.008133] scsi host1: ata_piix
[    1.009104] ata1: PATA max UDMA/33 cmd 0x1f0 ctl 0x3f6 bmdma 0xd000 irq 14
[    1.010858] ata2: PATA max UDMA/33 cmd 0x170 ctl 0x376 bmdma 0xd008 irq 15
[    1.013569] libphy: Fixed MDIO Bus: probed
[    1.014489] tun: Universal TUN/TAP device driver, 1.6
[    1.015467] PPP generic driver version 2.4.2
[    1.017019] ehci_hcd: USB 2.0 'Enhanced' Host Controller (EHCI) Driver
[    1.018410] ehci-pci: EHCI PCI platform driver
[    1.019446] ehci-platform: EHCI generic platform driver
[    1.020295] ohci_hcd: USB 1.1 'Open' Host Controller (OHCI) Driver
[    1.021465] ohci-pci: OHCI PCI platform driver
[    1.022555] ohci-platform: OHCI generic platform driver
[    1.025000] uhci_hcd: USB Universal Host Controller Interface driver
[    1.026369] i8042: PNP: PS/2 Controller [PNP0303:PS2K,PNP0f03:PS2M] at 0x60,0x64 irq 1,12
[    1.028087] serio: i8042 KBD port at 0x60,0x64 irq 1
[    1.029008] serio: i8042 AUX port at 0x60,0x64 irq 12
[    1.029899] mousedev: PS/2 mouse device common for all mice
[    1.031019] input: AT Translated Set 2 keyboard as /devices/platform/i8042/serio0/input/input2
[    1.032821] rtc_cmos rtc_cmos: rtc core: registered rtc_cmos as rtc0
[    1.033890] rtc_cmos rtc_cmos: alarms up to one day, 114 bytes nvram
[    1.034775] i2c /dev entries driver
[    1.035330] device-mapper: uevent: version 1.0.3
[    1.036170] device-mapper: ioctl: 4.37.0-ioctl (2017-09-20) initialised: dm-devel@redhat.com
[    1.037599] ledtrig-cpu: registered to indicate activity on CPUs
[    1.038470] intel_pmc_core:  initialized
[    1.039201] NET: Registered protocol family 10
[    1.041971] Segment Routing with IPv6
[    1.042461] NET: Registered protocol family 17
[    1.043086] Key type dns_resolver registered
[    1.043683] mce: Using 0 MCE banks
[    1.044128] RAS: Correctable Errors collector initialized.
[    1.044928] sched_clock: Marking stable (1044905301, 0)->(1246694479, -201789178)
[    1.046126] registered taskstats version 1
[    1.046826] Loading compiled-in X.509 certificates
[    1.049768] Loaded X.509 cert 'Build time autogenerated kernel key: de118354fe72448b469776565e76ac30c08e8db2'
[    1.052089] Loaded X.509 cert 'Canonical Ltd. Live Patch Signing: 14df34d1a87cf37625abec039ef2bf521249b969'
[    1.054735] Loaded X.509 cert 'Canonical Ltd. Kernel Module Signing: 88f752e560a1e0737e31163a466ad7b70a850c19'
[    1.056671] zswap: loaded using pool lzo/zbud
[    1.059966] Key type big_key registered
[    1.060716] Key type trusted registered
[    1.062641] Key type encrypted registered
[    1.064204] AppArmor: AppArmor sha1 policy hashing enabled
[    1.064852] ima: No TPM chip found, activating TPM-bypass! (rc=-19)
[    1.065638] ima: Allocated hash algorithm: sha1
[    1.066194] evm: HMAC attrs: 0x1
[    1.066916]   Magic number: 5:213:29
[    1.067445] rtc_cmos rtc_cmos: setting system clock to 2021-05-25 13:00:41 UTC (1621947641)
[    1.068562] BIOS EDD facility v0.16 2004-Jun-25, 0 devices found
[    1.069279] EDD information not available.
[    1.205119] Freeing unused kernel image memory: 2444K
[    1.212776] Write protecting the kernel read-only data: 20480k
[    1.214284] Freeing unused kernel image memory: 2008K
[    1.215462] Freeing unused kernel image memory: 1828K
[    1.221068] x86/mm: Checked W+X mappings: passed, no W+X pages found.
[    1.222394] x86/mm: Checking user space page tables
[    1.228361] x86/mm: Checked W+X mappings: passed, no W+X pages found.
Loading, please wait...
starting version 237
[    1.326629] e1000: Intel(R) PRO/1000 Network Driver - version 7.3.21-k8-NAPI
[    1.327811] e1000: Copyright (c) 1999-2006 Intel Corporation.
[    1.331956] Fusion MPT base driver 3.04.20
[    1.332525] Copyright (c) 1999-2008 LSI Corporation
[    1.335362] Fusion MPT SPI Host driver 3.04.20
[    1.366096] AVX2 version of gcm_enc/dec engaged.
[    1.367096] AES CTR mode by8 optimization enabled
[    1.377729] mptbase: ioc0: Initiating bringup
[    1.472515] ioc0: LSI53C1030 A0: Capabilities={Initiator}
[    1.541494] input: ImExPS/2 Generic Explorer Mouse as /devices/platform/i8042/serio1/input/input4
[    1.714018] scsi host2: ioc0: LSI53C1030 A0, FwRev=00000000h, Ports=1, MaxQ=256, IRQ=20
[    1.880295] scsi 2:0:0:0: Direct-Access     VBOX     HARDDISK         1.0  PQ: 0 ANSI: 5
[    1.881375] scsi target2:0:0: Beginning Domain Validation
[    1.883598] scsi target2:0:0: Domain Validation skipping write tests
[    1.887704] scsi target2:0:0: Ending Domain Validation
[    1.888668] scsi target2:0:0: asynchronous
[    1.890326] scsi 2:0:1:0: Direct-Access     VBOX     HARDDISK         1.0  PQ: 0 ANSI: 5
[    1.891676] scsi target2:0:1: Beginning Domain Validation
[    1.892955] random: fast init done
[    1.894158] scsi target2:0:1: Domain Validation skipping write tests
[    1.894980] scsi target2:0:1: Ending Domain Validation
[    1.895727] scsi target2:0:1: asynchronous
[    1.900322] random: systemd-udevd: uninitialized urandom read (16 bytes read)
[    1.901447] random: systemd-udevd: uninitialized urandom read (16 bytes read)
[    1.902461] random: systemd-udevd: uninitialized urandom read (16 bytes read)
[    1.905581] sd 2:0:0:0: Attached scsi generic sg0 type 0
[    1.906972] sd 2:0:1:0: Attached scsi generic sg1 type 0
[    1.907678] sd 2:0:0:0: [sda] 83886080 512-byte logical blocks: (42.9 GB/40.0 GiB)
[    1.908763] sd 2:0:0:0: [sda] Write Protect is off
[    1.909448] sd 2:0:1:0: [sdb] 20480 512-byte logical blocks: (10.5 MB/10.0 MiB)
[    1.910550] sd 2:0:1:0: [sdb] Write Protect is off
[    1.911320] sd 2:0:0:0: [sda] Incomplete mode parameter data
[    1.912089] sd 2:0:0:0: [sda] Assuming drive cache: write through
[    1.913461] sd 2:0:1:0: [sdb] Incomplete mode parameter data
[    1.914144] sd 2:0:1:0: [sdb] Assuming drive cache: write through
[    1.940186]  sda: sda1
[    1.940902] sd 2:0:1:0: [sdb] Attached SCSI disk
[    1.941640] sd 2:0:0:0: [sda] Attached SCSI disk
[    2.255826] e1000 0000:00:03.0 eth0: (PCI:33MHz:32-bit) 02:79:d1:66:99:96
[    2.257072] e1000 0000:00:03.0 eth0: Intel(R) PRO/1000 Network Connection
[    2.628820] e1000 0000:00:08.0 eth1: (PCI:33MHz:32-bit) 08:00:27:53:ab:fb
[    2.629705] e1000 0000:00:08.0 eth1: Intel(R) PRO/1000 Network Connection
[    2.631349] e1000 0000:00:08.0 enp0s8: renamed from eth1
[    2.633438] e1000 0000:00:03.0 enp0s3: renamed from eth0
Begin: Loading essential drivers ... [    3.968029] raid6: sse2x1   gen() 13186 MB/s
[    4.016468] raid6: sse2x1   xor()  9272 MB/s
[    4.064359] raid6: sse2x2   gen() 15382 MB/s
[    4.112113] raid6: sse2x2   xor()  9634 MB/s
[    4.160426] raid6: sse2x4   gen() 17241 MB/s
[    4.208267] raid6: sse2x4   xor() 11343 MB/s
[    4.256736] raid6: avx2x1   gen() 26213 MB/s
[    4.307193] raid6: avx2x1   xor() 14047 MB/s
[    4.356438] raid6: avx2x2   gen() 30166 MB/s
[    4.404435] raid6: avx2x2   xor() 15392 MB/s
[    4.452334] raid6: avx2x4   gen() 34291 MB/s
[    4.500168] raid6: avx2x4   xor() 22511 MB/s
[    4.500781] raid6: using algorithm avx2x4 gen() 34291 MB/s
[    4.501439] raid6: .... xor() 22511 MB/s, rmw enabled
[    4.502041] raid6: using avx2x2 recovery algorithm
[    4.503910] xor: automatically using best checksumming function   avx       
[    4.505774] async_tx: api initialized (async)
done.
Begin: Running /scripts/init-premount ... done.
Begin: Mounting root file system ... Begin: Running /scripts/local-top ... done.
Begin: Running /scripts/local-premount ... [    4.543600] Btrfs loaded, crc32c=crc32c-intel
Scanning for Btrfs filesystems
done.
Warning: fsck not present, so skipping root file system
[    4.565348] EXT4-fs (sda1): mounted filesystem with ordered data mode. Opts: (null)
done.
Begin: Running /scripts/local-bottom ... done.
Begin: Running /scripts/init-bottom ... done.
[    4.708673] ip_tables: (C) 2000-2006 Netfilter Core Team
[    4.714799] systemd[1]: systemd 237 running in system mode. (+PAM +AUDIT +SELINUX +IMA +APPARMOR +SMACK +SYSVINIT +UTMP +LIBCRYPTSETUP +GCRYPT +GNUTLS +ACL +XZ +LZ4 +SECCOMP +BLKID +ELFUTILS +KMOD -IDN2 +IDN -PCRE2 default-hierarchy=hybrid)
[    4.723689] systemd[1]: Detected virtualization oracle.
[    4.724618] systemd[1]: Detected architecture x86-64.

Welcome to [1mUbuntu 18.04.5 LTS[0m!

[    4.737445] systemd[1]: Set hostname to <ubuntu>.
[    4.740664] systemd[1]: Initializing machine ID from random generator.
[    4.741582] systemd[1]: Installed transient /etc/machine-id file.
[    4.938875] systemd[1]: Reached target Swap.
[[0;32m  OK  [0m] Reached target Swap.
[    4.940203] systemd[1]: Created slice User and Session Slice.
[[0;32m  OK  [0m] Created slice User and Session Slice.
[    4.941658] systemd[1]: Reached target User and Group Name Lookups.
[[0;32m  OK  [0m] Reached target User and Group Name Lookups.
[    4.942988] systemd[1]: Reached target System Time Synchronized.
[[0;32m  OK  [0m] Reached target System Time Synchronized.
[[0;32m  OK  [0m] Started Forward Password Requests to Wall Directory Watch.
[[0;32m  OK  [0m] Created slice System Slice.
[[0;32m  OK  [0m] Listening on Network Service Netlink Socket.
[[0;32m  OK  [0m] Listening on Syslog Socket.
[[0;32m  OK  [0m] Listening on Journal Socket (/dev/log).
[[0;32m  OK  [0m] Listening on /dev/initctl Compatibility Named Pipe.
[[0;32m  OK  [0m] Created slice system-serial\x2dgetty.slice.
[[0;32m  OK  [0m] Listening on LVM2 metadata daemon socket.
[[0;32m  OK  [0m] Listening on Journal Socket.
         Starting Set the console keyboard layout...
         Mounting Kernel Debug File System...
         Starting Create list of required stâ€¦ce nodes for the current kernel...
         Starting Uncomplicated firewall...
         Mounting POSIX Message Queue File System...
[[0;32m  OK  [0m] Reached target Slices.
         Starting Load Kernel Modules...
[[0;32m  OK  [0m] Listening on Device-mapper event daemon FIFOs.
         Starting Monitoring of LVM2 mirrorsâ€¦ng dmeventd or progress polling...
[[0;32m  OK  [0m] Listening on fsck to fsckd communication Socket.
[[0;32m  OK  [0m] Listening on LVM2 poll daemon socket.
[    5.043888] Loading iSCSI transport class v2.0-870.
[    5.048246] iscsi: registered transport (tcp)
         Mounting Huge Pages File System...
[[0;32m  OK  [0m] Set up automount Arbitrary Executabâ€¦rmats File System Automount Point.
[[0;32m  OK  [0m] Listening on udev Kernel Socket.
[[0;32m  OK  [0m] Listening on udev Control Socket.
         Starting udev Coldplug all Devices...
[[0;32m  OK  [0m] Listening on Journal Audit Socket.
         Starting Journal Service...
         Starting File System Check on Root Device...
[[0;32m  OK  [0m] Mounted Kernel Debug File System.
[[0;32m  OK  [0m] Started Create list of required staâ€¦vice nodes for the current kernel.
[[0;32m  OK  [0m] Started Uncomplicated firewall.
[[0;32m  OK  [0m] Mounted POSIX Message Queue File System.
[[0;32m  OK  [0m] Mounted Huge Pages File System.
[[0;32m  OK  [0m] Started LVM2 metadata daemon.
         Starting Create Static Device Nodes in /dev...
[    5.109775] iscsi: registered transport (iser)
[[0;32m  OK  [0m] Started Load Kernel Modules.
         Mounting FUSE Control File System...
         Mounting Kernel Configuration File System...
         Starting Apply Kernel Variables...
[[0;32m  OK  [0m] Mounted Kernel Configuration File System.
[[0;32m  OK  [0m] Mounted FUSE Control File System.
[[0;32m  OK  [0m] Started File System Check Daemon to report status.
[[0;32m  OK  [0m] Started Create Static Device Nodes in /dev.
[[0;32m  OK  [0m] Started Journal Service.
[[0;32m  OK  [0m] Started Monitoring of LVM2 mirrors,â€¦sing dmeventd or progress polling.
[[0;32m  OK  [0m] Started Set the console keyboard layout.
[[0;32m  OK  [0m] Started Apply Kernel Variables.
[[0;32m  OK  [0m] Started File System Check on Root Device.
[[0;32m  OK  [0m] Started udev Coldplug all Devices.
         Starting Remount Root and Kernel File Systems...
[[0;32m  OK  [0m] Started Remount Root and Kernel File Systems.
[[0;32m  OK  [0m] Reached target Local File Systems (Pre).
         Starting udev Kernel Device Manager...
         Starting Flush Journal to Persistent Storage...
         Starting Load/Save Random Seed...
[[0;32m  OK  [0m] Reached target Local File Systems.
         Starting Set console font and keymap...
         Starting Tell Plymouth To Write Out Runtime Data...
         Starting Commit a transient machine-id on disk...
         Starting AppArmor initialization...
         Starting ebtables ruleset management...
[[0;32m  OK  [0m] Started udev Kernel Device Manager.
[[0;32m  OK  [0m] Started Dispatch Password Requests to Console Directory Watch.
[[0;32m  OK  [0m] Reached target Local Encrypted Volumes.
[[0;32m  OK  [0m] Started Load/Save Random Seed.
[[0;32m  OK  [0m] Started Set console font and keymap.
[[0;32m  OK  [0m] Started Tell Plymouth To Write Out Runtime Data.
[[0;32m  OK  [0m] Started Commit a transient machine-id on disk.
[[0;32m  OK  [0m] Started Flush Journal to Persistent Storage.
         Starting Create Volatile Files and Directories...
[[0;32m  OK  [0m] Started ebtables ruleset management.
[[0;32m  OK  [0m] Started Create Volatile Files and Directories.
         Starting Update UTMP about System Boot/Shutdown...
[[0;32m  OK  [0m] Started Update UTMP about System Boot/Shutdown.
[[0;32m  OK  [0m] Found device /dev/ttyS0.
[[0;32m  OK  [0m] Listening on Load/Save RF Kill Switch Status /dev/rfkill Watch.
[[0;32m  OK  [0m] Started AppArmor initialization.
         Starting Load AppArmor profiles managed internally by snapd...
         Starting Initial cloud-init job (pre-networking)...
[[0;32m  OK  [0m] Started Load AppArmor profiles managed internally by snapd.
[    7.959103] cloud-init[599]: Cloud-init v. 21.1-19-gbad84ad4-0ubuntu1~18.04.2 running 'init-local' at Tue, 25 May 2021 13:00:48 +0000. Up 7.61 seconds.
[[0;32m  OK  [0m] Started Initial cloud-init job (pre-networking).
[[0;32m  OK  [0m] Reached target Network (Pre).
         Starting Network Service...
[[0;32m  OK  [0m] Started Network Service.
         Starting Network Name Resolution...
         Starting Wait for Network to be Configured...
[[0;32m  OK  [0m] Started Network Name Resolution.
[[0;32m  OK  [0m] Reached target Host and Network Name Lookups.
[[0;32m  OK  [0m] Reached target Network.
[[0;32m  OK  [0m] Started Wait for Network to be Configured.
         Starting Initial cloud-init job (metadata service crawler)...
[   10.321575] cloud-init[676]: Cloud-init v. 21.1-19-gbad84ad4-0ubuntu1~18.04.2 running 'init' at Tue, 25 May 2021 13:00:50 +0000. Up 10.22 seconds.
[   10.323480] cloud-init[676]: ci-info: ++++++++++++++++++++++++++++++++++++++Net device info+++++++++++++++++++++++++++++++++++++++
[   10.324472] cloud-init[676]: ci-info: +--------+-------+----------------------------+---------------+--------+-------------------+
[   10.325593] cloud-init[676]: ci-info: | Device |   Up  |          Address           |      Mask     | Scope  |     Hw-Address    |
[   10.328144] cloud-init[676]: ci-info: +--------+-------+----------------------------+---------------+--------+-------------------+
[   10.329762] cloud-init[676]: ci-info: | enp0s3 |  True |         10.0.2.15          | 255.255.255.0 | global | 02:79:d1:66:99:96 |
[   10.330834] cloud-init[676]: ci-info: | enp0s3 |  True | fe80::79:d1ff:fe66:9996/64 |       .       |  link  | 02:79:d1:66:99:96 |
[   10.332622] cloud-init[676]: ci-info: | enp0s8 | False |             .              |       .       |   .    | 08:00:27:53:ab:fb |
[   10.333922] cloud-init[676]: ci-info: |   lo   |  True |         127.0.0.1          |   255.0.0.0   |  host  |         .         |
[   10.336060] cloud-init[676]: ci-info: |   lo   |  True |          ::1/128           |       .       |  host  |         .         |
[   10.337699] cloud-init[676]: ci-info: +--------+-------+----------------------------+---------------+--------+-------------------+
[   10.339330] cloud-init[676]: ci-info: ++++++++++++++++++++++++++++Route IPv4 info+++++++++++++++++++++++++++++
[   10.341563] cloud-init[676]: ci-info: +-------+-------------+----------+-----------------+-----------+-------+
[   10.342753] cloud-init[676]: ci-info: | Route | Destination | Gateway  |     Genmask     | Interface | Flags |
[   10.345723] cloud-init[676]: ci-info: +-------+-------------+----------+-----------------+-----------+-------+
[   10.347790] cloud-init[676]: ci-info: |   0   |   0.0.0.0   | 10.0.2.2 |     0.0.0.0     |   enp0s3  |   UG  |
[   10.350689] cloud-init[676]: ci-info: |   1   |   10.0.2.0  | 0.0.0.0  |  255.255.255.0  |   enp0s3  |   U   |
[   10.364113] cloud-init[676]: ci-info: |   2   |   10.0.2.2  | 0.0.0.0  | 255.255.255.255 |   enp0s3  |   UH  |
[   10.365177] cloud-init[676]: ci-info: +-------+-------------+----------+-----------------+-----------+-------+
[   10.366231] cloud-init[676]: ci-info: +++++++++++++++++++Route IPv6 info+++++++++++++++++++
[   10.367340] cloud-init[676]: ci-info: +-------+-------------+---------+-----------+-------+
[   10.368860] cloud-init[676]: ci-info: | Route | Destination | Gateway | Interface | Flags |
[   10.369923] cloud-init[676]: ci-info: +-------+-------------+---------+-----------+-------+
[   10.371396] cloud-init[676]: ci-info: |   1   |  fe80::/64  |    ::   |   enp0s3  |   U   |
[   10.373558] cloud-init[676]: ci-info: |   3   |    local    |    ::   |   enp0s3  |   U   |
[   10.376492] cloud-init[676]: ci-info: |   4   |   ff00::/8  |    ::   |   enp0s3  |   U   |
[   10.377883] cloud-init[676]: ci-info: +-------+-------------+---------+-----------+-------+
[   10.910783] cloud-init[676]: Generating public/private rsa key pair.
[   10.911229] cloud-init[676]: Your identification has been saved in /etc/ssh/ssh_host_rsa_key.
[   10.911712] cloud-init[676]: Your public key has been saved in /etc/ssh/ssh_host_rsa_key.pub.
[   10.912348] cloud-init[676]: The key fingerprint is:
[   10.913027] cloud-init[676]: SHA256:2YJXX+dxRBlfeSntJEZtM7kVKZaWQQBZthwBt7klr8s root@ubuntu-bionic
[   10.932320] cloud-init[676]: The key's randomart image is:
[   10.933001] cloud-init[676]: +---[RSA 2048]----+
[   10.933554] cloud-init[676]: |         o=B=+*+%|
[   10.934197] cloud-init[676]: |         .+ =X #=|
[   10.934763] cloud-init[676]: |          .*+.O.X|
[   10.936059] cloud-init[676]: |       . + .=. =o|
[   10.936658] cloud-init[676]: |      . S ....  .|
[   10.940353] cloud-init[676]: |       . .  .    |
[   10.940960] cloud-init[676]: |           .     |
[   10.941524] cloud-init[676]: |          . .    |
[   10.952265] cloud-init[676]: |           E     |
[   10.952712] cloud-init[676]: +----[SHA256]-----+
[   10.953266] cloud-init[676]: Generating public/private dsa key pair.
[   10.953970] cloud-init[676]: Your identification has been saved in /etc/ssh/ssh_host_dsa_key.
[   10.954769] cloud-init[676]: Your public key has been saved in /etc/ssh/ssh_host_dsa_key.pub.
[   10.955583] cloud-init[676]: The key fingerprint is:
[   10.959122] cloud-init[676]: SHA256:WOH13LWUZVBYi1DbfhtVtqlLFr1p/OeU+ROm4aV05cc root@ubuntu-bionic
[   10.960042] cloud-init[676]: The key's randomart image is:
[[0;32m  OK  [0m] Started Initial cloud-init job (metadata service crawler).
[[0;32m  OK  [0m] Reached target Cloud-config availability.
[[0;32m  OK  [0m] Reached target System Initialization.
[   10.975139] cloud-init[676]: +---[DSA 1024]----+
[[0;32m  OK  [0m] Started ACPI Events Check.
[   11.000209] cloud-init[676]: |        . .....*@|
[   11.000679] cloud-init[676]: |       . o o..B=*|
[   11.001173] cloud-init[676]: |        o   o+.B.|
[   11.001649] cloud-init[676]: |       o      = =|
[   11.002203] cloud-init[676]: |      . S    + Xo|
[   11.002814] cloud-init[676]: |            ooo=E|
[   11.003463] cloud-init[676]: |            o.B+*|
[   11.004037] [[0;32m  OK  [0m] Started Ubuntu Advantage update messaging.
[[0;32m  OK  [0m] Listening on Open-iSCSI iscsid Socket.
[[0;32m  OK  [0m] Reached target Paths.
         Starting Socket activation for snappy daemon.
[[0;32m  OK  [0m] Started Daily Cleanup of Temporary Directories.
cloud-init[676]: |             + +o|
[[0;32m  OK  [0m] Started Daily apt download activities.
[   11.009374] cloud-init[676]: |                +|
[[0;32m  OK  [0m] Started Daily apt upgrade and clean activities.
[[0;32m  OK  [0m] Started Message of the Day.
[[0;32m  OK  [0m] Listening on UUID daemon activation socket.
[[0;32m  OK  [0m] Listening on D-Bus System Message Bus Socket.
[   11.015981] cloud-init[676]: +----[SHA256]-----+         Starting LXD - unix socket.
[[0;32m  OK  [0m] Started Discard unused blocks once a week.
[[0;32m  OK  [0m] Listening on ACPID Listen Socket.
[[0;32m  OK  [0m] Reached target Timers.
[[0;32m  OK  [0m] Reached target Network is Online.

[   11.019756] cloud-init[676]: Generating public/private ecdsa key pair.
[   11.020534] cloud-init[676]: Your identification has been saved in /etc/ssh/ssh_host_ecdsa_key.
         Starting Availability of block devices...
[   11.035641] cloud-init[676]: Your public key has been saved in /etc/ssh/ssh_host_ecdsa_key.pub.[[0;32m  OK  [0m] Reached target Remote File Systems (Pre).
[[0;32m  OK  [0m] Reached target Remote File Systems.
[[0;32m  OK  [0m] Listening on Socket activation for snappy daemon.
[[0;32m  OK  [0m] Listening on LXD - unix socket.

[[0;32m  OK  [0m] Started Availability of block devices.
[   11.050202] cloud-init[676]: The key fingerprint is:
[   11.050938] cloud-init[676]: SHA256:gPZhzt52Sg2Eq2QEph1uaEiRz4TlU9WZC6SrQZqfa6U root@ubuntu-bionic
[[0;32m  OK  [0m] Reached target Sockets.
[[0;32m  OK  [0m] Reached target Basic System.
         Starting Accounts Service...
[[0;32m  OK  [0m] Started FUSE filesystem for LXC.
         Starting Pollinate to seed the pseudo random number generator...
[   11.052721] cloud-init[676]: The key's randomart image is:
         Starting Virtualbox guest utils...
[   11.069191] cloud-init[676]: +---[ECDSA 256]---+
         Starting LSB: Record successful boot for GRUB...
[   11.072612] cloud-init[676]: | oO. .oo. o      |
[   11.073326] cloud-init[676]: |oO.+...o +       |
         Starting LXD - container startup/shutdown...
[   11.087440] cloud-init[676]: |+.B++.= o .      |
         Starting Login Service...
[   11.103889] cloud-init[676]: |..+=.=.= .       |
[   11.106736] cloud-init[676]: | o .o.= S        |
[   11.107283] cloud-init[676]: |  .o++ . o       |
[[0;32m  OK  [0m] Started Deferred execution scheduler.
[   11.118569] cloud-init[676]: |   ++ . + o      |
[   11.119975] cloud-init[676]: |   E.  o o       |
[   11.121944] cloud-init[676]: |  ..    .        |
[   11.124812] cloud-init[676]: +----[SHA256]-----+
[   11.127464] cloud-init[676]:          Starting LSB: automatic crash report generation...
Generating public/private ed25519 key pair.
[[0;32m  OK  [0m] Started D-Bus System Message Bus.
[   11.134858] cloud-init[676]: Your identification has been saved in /etc/ssh/ssh_host_ed25519_key.
[   11.136236] cloud-init[676]: Your public key has been saved in /etc/ssh/ssh_host_ed25519_key.pub.
[   11.137679] cloud-init[676]: The key fingerprint is:
[   11.148701] cloud-init[676]: SHA256:3fdTaT3PaAYTww+op0V4KFD977LCLapuoI3Z3lVUJhk root@ubuntu-bionic
[   11.149929] cloud-init[676]: The key's randomart image is:
[   11.150610] cloud-init[676]: +--[ED25519 256]--+
[   11.151356] cloud-init[676]: |    ....Eoo      |
[   11.151970] cloud-init[676]: |     .  o* o     |
[   11.153983] cloud-init[676]: |      . +.+ =    |
[   11.155518] cloud-init[676]: |       o =.. =  o|
[   11.156637] cloud-init[676]: |        S +.+ o+o|
[   11.158073] cloud-init[676]: |  .    . +  .+.++|
[   11.159568] cloud-init[676]: | * .  .... .  +.+|
[   11.160890] cloud-init[676]: |+ o...  + o .o  .|
[   11.162591] cloud-init[676]: | ..o+... o.o     |
[   11.164383] cloud-init[676]: +----[SHA256]-----+
[[0;32m  OK  [0m] Started Regular background program processing daemon.
         Starting Dispatcher daemon for systemd-networkd...
         Starting Permit User Sessions...
         Starting System Logging Service...
[[0;32m  OK  [0m] Started irqbalance daemon.
         Starting Snap Daemon...
[[0;32m  OK  [0m] Started LXD - container startup/shutdown.
[[0;32m  OK  [0m] Started Permit User Sessions.
[[0;32m  OK  [0m] Started Login Service.
[[0;32m  OK  [0m] Started System Logging Service.
         Starting Authorization Manager...
[[0;32m  OK  [0m] Started Unattended Upgrades Shutdown.
         Starting Terminate Plymouth Boot Screen...
         Starting Hold until boot process finishes up...
[[0;32m  OK  [0m] Started Terminate Plymouth Boot Screen.
[[0;32m  OK  [0m] Started Hold until boot process finishes up.
[[0;32m  OK  [0m] Started Authorization Manager.
[[0;32m  OK  [0m] Started Accounts Service.
[[0;32m  OK  [0m] Started Serial Getty on ttyS0.
         Starting Set console scheme...
[[0;32m  OK  [0m] Started LSB: automatic crash report generation.
[[0;32m  OK  [0m] Started LSB: Record successful boot for GRUB.
[[0;32m  OK  [0m] Started Set console scheme.
[[0;32m  OK  [0m] Created slice system-getty.slice.
[[0;32m  OK  [0m] Started Getty on tty1.
[[0;32m  OK  [0m] Reached target Login Prompts.
[[0;32m  OK  [0m] Started Virtualbox guest utils.
[[0;32m  OK  [0m] Started Dispatcher daemon for systemd-networkd.
[[0;32m  OK  [0m] Started Pollinate to seed the pseudo random number generator.
         Starting OpenBSD Secure Shell server...
[[0;32m  OK  [0m] Started Snap Daemon.
         Starting Wait until snapd is fully seeded...
[[0;32m  OK  [0m] Started OpenBSD Secure Shell server.
[[0;32m  OK  [0m] Created slice User Slice of vagrant.
         Starting User Manager for UID 1000...
[[0;32m  OK  [0m] Started Session 1 of user vagrant.
[[0;32m  OK  [0m] Started User Manager for UID 1000.
[[0;32m  OK  [0m] Started Wait until snapd is fully seeded.
         Starting Apply the settings specified in cloud-config...
[[0;32m  OK  [0m] Reached target Multi-User System.
[[0;32m  OK  [0m] Reached target Graphical Interface.
         Starting Update UTMP about System Runlevel Changes...
[[0;32m  OK  [0m] Started Update UTMP about System Runlevel Changes.
[   16.294397] cloud-init[1131]: Cloud-init v. 21.1-19-gbad84ad4-0ubuntu1~18.04.2 running 'modules:config' at Tue, 25 May 2021 13:00:55 +0000. Up 15.12 seconds.
[[0;32m  OK  [0m] Started Apply the settings specified in cloud-config.
         Starting Execute cloud user/final scripts...
ci-info: no authorized SSH keys fingerprints found for user ubuntu.
<14>May 25 13:00:57 ec2: 
<14>May 25 13:00:57 ec2: #############################################################
<14>May 25 13:00:57 ec2: -----BEGIN SSH HOST KEY FINGERPRINTS-----
<14>May 25 13:00:57 ec2: 1024 SHA256:WOH13LWUZVBYi1DbfhtVtqlLFr1p/OeU+ROm4aV05cc root@ubuntu-bionic (DSA)
<14>May 25 13:00:57 ec2: 256 SHA256:gPZhzt52Sg2Eq2QEph1uaEiRz4TlU9WZC6SrQZqfa6U root@ubuntu-bionic (ECDSA)
<14>May 25 13:00:57 ec2: 256 SHA256:3fdTaT3PaAYTww+op0V4KFD977LCLapuoI3Z3lVUJhk root@ubuntu-bionic (ED25519)
<14>May 25 13:00:57 ec2: 2048 SHA256:2YJXX+dxRBlfeSntJEZtM7kVKZaWQQBZthwBt7klr8s root@ubuntu-bionic (RSA)
<14>May 25 13:00:57 ec2: -----END SSH HOST KEY FINGERPRINTS-----
<14>May 25 13:00:57 ec2: #############################################################
-----BEGIN SSH HOST KEY KEYS-----
ecdsa-sha2-nistp256 AAAAE2VjZHNhLXNoYTItbmlzdHAyNTYAAAAIbmlzdHAyNTYAAABBBL+wyAQTPe0pdIbL08+4vJviXTNYgTqaOl8RWOy+bK2pumPcrvFKufgoeyUm7xBExyPecYr+iIhlSpy6GVZIJ0E= root@ubuntu-bionic
ssh-ed25519 AAAAC3NzaC1lZDI1NTE5AAAAIPnxAwOt7SY2VE3mJKOdj0x5B0Q0REw/MFwExRwl7EyJ root@ubuntu-bionic
ssh-rsa AAAAB3NzaC1yc2EAAAADAQABAAABAQC+Y7ISa/v3NtTiZ+xfb2o7toiCATXyn9ukwTwE+BdIDK3L81iyPLg2b3EdAWwgfEcAXgmXadCMtAaWk1Po/HT3KF18Q42irv4ZC2b9Ol2lNPAkDKuAb3giFmuBgdj0h10WzZ7/SYpONhtLFOhVEbG7L5C7y4GwaEjJI97YubWVAmBROv4dqTHPNAzJxe6Fj0aecMadR/9Qiv9VkNEMxbXZ0oO4ThET/l37l1K5qOKoRE/xRDICUTHKaKMeAlPViZa5nD9yVIjY5salkNXZgDI6bYYYYe+EcGHAuV6KX9Uq1JYJnqnMGp9XbM045v1jbC6Op0ItYXsi5bZ4XGth809F root@ubuntu-bionic
-----END SSH HOST KEY KEYS-----
[   17.027231] cloud-init[1247]: Cloud-init v. 21.1-19-gbad84ad4-0ubuntu1~18.04.2 running 'modules:final' at Tue, 25 May 2021 13:00:57 +0000. Up 16.90 seconds.
[   17.028520] cloud-init[1247]: ci-info: no authorized SSH keys fingerprints found for user ubuntu.
[   17.029438] cloud-init[1247]: Cloud-init v. 21.1-19-gbad84ad4-0ubuntu1~18.04.2 finished at Tue, 25 May 2021 13:00:57 +0000. Datasource DataSourceNoCloud [seed=/dev/sdb][dsmode=net].  Up 17.02 seconds

Ubuntu 18.04.5 LTS ubuntu-bionic ttyS0

ubuntu-bionic login: 