[    0.000000] Linux version 4.15.0-143-generic (buildd@lcy01-amd64-001) (gcc version 7.5.0 (Ubuntu 7.5.0-3ubuntu1~18.04)) #147-Ubuntu SMP Wed Apr 14 16:10:11 UTC 2021 (Ubuntu 4.15.0-143.147-generic 4.15.18)
[    0.000000] Command line: BOOT_IMAGE=/boot/vmlinuz-4.15.0-143-generic root=LABEL=cloudimg-rootfs ro console=tty1 console=ttyS0
[    0.000000] KERNEL supported cpus:
[    0.000000]   Intel GenuineIntel
[    0.000000]   AMD AuthenticAMD
[    0.000000]   Centaur CentaurHauls
[    0.000000] x86/fpu: Supporting XSAVE feature 0x001: 'x87 floating point registers'
[    0.000000] x86/fpu: Supporting XSAVE feature 0x002: 'SSE registers'
[    0.000000] x86/fpu: Supporting XSAVE feature 0x004: 'AVX registers'
[    0.000000] x86/fpu: xstate_offset[2]:  576, xstate_sizes[2]:  256
[    0.000000] x86/fpu: Enabled xstate features 0x7, context size is 832 bytes, using 'standard' format.
[    0.000000] e820: BIOS-provided physical RAM map:
[    0.000000] BIOS-e820: [mem 0x0000000000000000-0x000000000009fbff] usable
[    0.000000] BIOS-e820: [mem 0x000000000009fc00-0x000000000009ffff] reserved
[    0.000000] BIOS-e820: [mem 0x00000000000f0000-0x00000000000fffff] reserved
[    0.000000] BIOS-e820: [mem 0x0000000000100000-0x000000007ffeffff] usable
[    0.000000] BIOS-e820: [mem 0x000000007fff0000-0x000000007fffffff] ACPI data
[    0.000000] BIOS-e820: [mem 0x00000000fec00000-0x00000000fec00fff] reserved
[    0.000000] BIOS-e820: [mem 0x00000000fee00000-0x00000000fee00fff] reserved
[    0.000000] BIOS-e820: [mem 0x00000000fffc0000-0x00000000ffffffff] reserved
[    0.000000] NX (Execute Disable) protection: active
[    0.000000] SMBIOS 2.5 present.
[    0.000000] DMI: innotek GmbH VirtualBox/VirtualBox, BIOS VirtualBox 12/01/2006
[    0.000000] Hypervisor detected: KVM
[    0.000000] e820: last_pfn = 0x7fff0 max_arch_pfn = 0x400000000
[    0.000000] MTRR: Disabled
[    0.000000] x86/PAT: MTRRs disabled, skipping PAT initialization too.
[    0.000000] CPU MTRRs all blank - virtualized system.
[    0.000000] x86/PAT: Configuration [0-7]: WB  WT  UC- UC  WB  WT  UC- UC  
[    0.000000] found SMP MP-table at [mem 0x0009fff0-0x0009ffff]
[    0.000000] Scanning 1 areas for low memory corruption
[    0.000000] RAMDISK: [mem 0x359d1000-0x36cdffff]
[    0.000000] ACPI: Early table checksum verification disabled
[    0.000000] ACPI: RSDP 0x00000000000E0000 000024 (v02 VBOX  )
[    0.000000] ACPI: XSDT 0x000000007FFF0030 00003C (v01 VBOX   VBOXXSDT 00000001 ASL  00000061)
[    0.000000] ACPI: FACP 0x000000007FFF00F0 0000F4 (v04 VBOX   VBOXFACP 00000001 ASL  00000061)
[    0.000000] ACPI: DSDT 0x000000007FFF0470 002325 (v02 VBOX   VBOXBIOS 00000002 INTL 20100528)
[    0.000000] ACPI: FACS 0x000000007FFF0200 000040
[    0.000000] ACPI: FACS 0x000000007FFF0200 000040
[    0.000000] ACPI: APIC 0x000000007FFF0240 000054 (v02 VBOX   VBOXAPIC 00000001 ASL  00000061)
[    0.000000] ACPI: SSDT 0x000000007FFF02A0 0001CC (v01 VBOX   VBOXCPUT 00000002 INTL 20100528)
[    0.000000] No NUMA configuration found
[    0.000000] Faking a node at [mem 0x0000000000000000-0x000000007ffeffff]
[    0.000000] NODE_DATA(0) allocated [mem 0x7ffc5000-0x7ffeffff]
[    0.000000] kvm-clock: cpu 0, msr 0:7ff44001, primary cpu clock
[    0.000000] kvm-clock: Using msrs 4b564d01 and 4b564d00
[    0.000000] kvm-clock: using sched offset of 3677662721 cycles
[    0.000000] clocksource: kvm-clock: mask: 0xffffffffffffffff max_cycles: 0x1cd42e4dffb, max_idle_ns: 881590591483 ns
[    0.000000] Zone ranges:
[    0.000000]   DMA      [mem 0x0000000000001000-0x0000000000ffffff]
[    0.000000]   DMA32    [mem 0x0000000001000000-0x000000007ffeffff]
[    0.000000]   Normal   empty
[    0.000000]   Device   empty
[    0.000000] Movable zone start for each node
[    0.000000] Early memory node ranges
[    0.000000]   node   0: [mem 0x0000000000001000-0x000000000009efff]
[    0.000000]   node   0: [mem 0x0000000000100000-0x000000007ffeffff]
[    0.000000] Reserved but unavailable: 98 pages
[    0.000000] Initmem setup node 0 [mem 0x0000000000001000-0x000000007ffeffff]
[    0.000000] ACPI: PM-Timer IO Port: 0x4008
[    0.000000] IOAPIC[0]: apic_id 1, version 32, address 0xfec00000, GSI 0-23
[    0.000000] ACPI: INT_SRC_OVR (bus 0 bus_irq 0 global_irq 2 dfl dfl)
[    0.000000] ACPI: INT_SRC_OVR (bus 0 bus_irq 9 global_irq 9 low level)
[    0.000000] Using ACPI (MADT) for SMP configuration information
[    0.000000] smpboot: Allowing 1 CPUs, 0 hotplug CPUs
[    0.000000] PM: Registered nosave memory: [mem 0x00000000-0x00000fff]
[    0.000000] PM: Registered nosave memory: [mem 0x0009f000-0x0009ffff]
[    0.000000] PM: Registered nosave memory: [mem 0x000a0000-0x000effff]
[    0.000000] PM: Registered nosave memory: [mem 0x000f0000-0x000fffff]
[    0.000000] e820: [mem 0x80000000-0xfebfffff] available for PCI devices
[    0.000000] Booting paravirtualized kernel on KVM
[    0.000000] clocksource: refined-jiffies: mask: 0xffffffff max_cycles: 0xffffffff, max_idle_ns: 7645519600211568 ns
[    0.000000] random: get_random_bytes called from start_kernel+0x99/0x500 with crng_init=0
[    0.000000] setup_percpu: NR_CPUS:8192 nr_cpumask_bits:1 nr_cpu_ids:1 nr_node_ids:1
[    0.000000] percpu: Embedded 45 pages/cpu s147456 r8192 d28672 u2097152
[    0.000000] PV qspinlock hash table entries: 256 (order: 0, 4096 bytes)
[    0.000000] Built 1 zonelists, mobility grouping on.  Total pages: 515961
[    0.000000] Policy zone: DMA32
[    0.000000] Kernel command line: BOOT_IMAGE=/boot/vmlinuz-4.15.0-143-generic root=LABEL=cloudimg-rootfs ro console=tty1 console=ttyS0
[    0.000000] Memory: 2015096K/2096696K available (12300K kernel code, 2483K rwdata, 4316K rodata, 2444K init, 2724K bss, 81600K reserved, 0K cma-reserved)
[    0.000000] SLUB: HWalign=64, Order=0-3, MinObjects=0, CPUs=1, Nodes=1
[    0.000000] Kernel/User page tables isolation: enabled
[    0.000000] ftrace: allocating 39437 entries in 155 pages
[    0.004000] Hierarchical RCU implementation.
[    0.004000] 	RCU restricting CPUs from NR_CPUS=8192 to nr_cpu_ids=1.
[    0.004000] 	Tasks RCU enabled.
[    0.004000] RCU: Adjusting geometry for rcu_fanout_leaf=16, nr_cpu_ids=1
[    0.004000] NR_IRQS: 524544, nr_irqs: 256, preallocated irqs: 16
[    0.004000] Console: colour VGA+ 80x25
[    0.004000] console [tty1] enabled
[    0.004000] console [ttyS0] enabled
[    0.004000] ACPI: Core revision 20170831
[    0.004000] ACPI: 2 ACPI AML tables successfully acquired and loaded
[    0.004000] APIC: Switch to symmetric I/O mode setup
[    0.004000] x2apic enabled
[    0.004000] Switched APIC routing to physical x2apic.
[    0.004000] ..TIMER: vector=0x30 apic1=0 pin1=2 apic2=-1 pin2=-1
[    0.004000] tsc: Detected 2591.998 MHz processor
[    0.004006] Calibrating delay loop (skipped) preset value.. 5183.99 BogoMIPS (lpj=10367992)
[    0.005032] pid_max: default: 32768 minimum: 301
[    0.005636] Security Framework initialized
[    0.006136] Yama: becoming mindful.
[    0.006645] AppArmor: AppArmor initialized
[    0.008000] Dentry cache hash table entries: 262144 (order: 9, 2097152 bytes)
[    0.012000] Inode-cache hash table entries: 131072 (order: 8, 1048576 bytes)
[    0.012018] Mount-cache hash table entries: 4096 (order: 3, 32768 bytes)
[    0.012999] Mountpoint-cache hash table entries: 4096 (order: 3, 32768 bytes)
[    0.016215] process: using mwait in idle threads
[    0.016876] Last level iTLB entries: 4KB 64, 2MB 8, 4MB 8
[    0.017512] Last level dTLB entries: 4KB 64, 2MB 0, 4MB 0, 1GB 4
[    0.018216] Spectre V1 : Mitigation: usercopy/swapgs barriers and __user pointer sanitization
[    0.019196] Spectre V2 : Mitigation: Full generic retpoline
[    0.020001] Spectre V2 : Spectre v2 / SpectreRSB mitigation: Filling RSB on context switch
[    0.021071] Speculative Store Bypass: Vulnerable
[    0.021754] SRBDS: Unknown: Dependent on hypervisor status
[    0.022407] MDS: Mitigation: Clear CPU buffers
[    0.028746] Freeing SMP alternatives memory: 36K
[    0.138963] smpboot: CPU0: Intel(R) Core(TM) i7-9750H CPU @ 2.60GHz (family: 0x6, model: 0x9e, stepping: 0xa)
[    0.140000] Performance Events: unsupported p6 CPU model 158 no PMU driver, software events only.
[    0.140000] Hierarchical SRCU implementation.
[    0.140544] NMI watchdog: Perf event create on CPU 0 failed with -2
[    0.141544] NMI watchdog: Perf NMI watchdog permanently disabled
[    0.142476] smp: Bringing up secondary CPUs ...
[    0.143243] smp: Brought up 1 node, 1 CPU
[    0.144001] smpboot: Max logical packages: 1
[    0.144685] smpboot: Total of 1 processors activated (5183.99 BogoMIPS)
[    0.145748] devtmpfs: initialized
[    0.146373] x86/mm: Memory block size: 128MB
[    0.147200] evm: security.selinux
[    0.148003] evm: security.SMACK64
[    0.148750] evm: security.SMACK64EXEC
[    0.149464] evm: security.SMACK64TRANSMUTE
[    0.149960] evm: security.SMACK64MMAP
[    0.150408] evm: security.apparmor
[    0.150937] evm: security.ima
[    0.151396] evm: security.capability
[    0.152066] clocksource: jiffies: mask: 0xffffffff max_cycles: 0xffffffff, max_idle_ns: 7645041785100000 ns
[    0.153264] futex hash table entries: 256 (order: 2, 16384 bytes)
[    0.154158] pinctrl core: initialized pinctrl subsystem
[    0.154884] RTC time: 12:42:39, date: 05/25/21
[    0.156058] NET: Registered protocol family 16
[    0.156801] audit: initializing netlink subsys (disabled)
[    0.157583] cpuidle: using governor ladder
[    0.158079] cpuidle: using governor menu
[    0.158628] ACPI: bus type PCI registered
[    0.159352] acpiphp: ACPI Hot Plug PCI Controller Driver version: 0.5
[    0.160006] audit: type=2000 audit(1621946564.636:1): state=initialized audit_enabled=0 res=1
[    0.161086] PCI: Using configuration type 1 for base access
[    0.162542] HugeTLB registered 2.00 MiB page size, pre-allocated 0 pages
[    0.163458] ACPI: Added _OSI(Module Device)
[    0.164003] ACPI: Added _OSI(Processor Device)
[    0.164566] ACPI: Added _OSI(3.0 _SCP Extensions)
[    0.165124] ACPI: Added _OSI(Processor Aggregator Device)
[    0.165756] ACPI: Added _OSI(Linux-Dell-Video)
[    0.166281] ACPI: Added _OSI(Linux-Lenovo-NV-HDMI-Audio)
[    0.166901] ACPI: Added _OSI(Linux-HPI-Hybrid-Graphics)
[    0.168205] ACPI: Executed 1 blocks of module-level executable AML code
[    0.171132] ACPI: Interpreter enabled
[    0.171688] ACPI: (supports S0 S5)
[    0.172004] ACPI: Using IOAPIC for interrupt routing
[    0.172915] PCI: Using host bridge windows from ACPI; if necessary, use "pci=nocrs" and report a bug
[    0.174653] ACPI: Enabled 2 GPEs in block 00 to 07
[    0.184775] ACPI: PCI Root Bridge [PCI0] (domain 0000 [bus 00-ff])
[    0.185837] acpi PNP0A03:00: _OSC: OS supports [ASPM ClockPM Segments MSI]
[    0.188428] acpi PNP0A03:00: _OSC: not requesting OS control; OS requires [ExtendedConfig ASPM ClockPM MSI]
[    0.189893] acpi PNP0A03:00: fail to add MMCONFIG information, can't access extended PCI configuration space under this bridge.
[    0.192337] PCI host bridge to bus 0000:00
[    0.192965] pci_bus 0000:00: root bus resource [io  0x0000-0x0cf7 window]
[    0.194169] pci_bus 0000:00: root bus resource [io  0x0d00-0xffff window]
[    0.195164] pci_bus 0000:00: root bus resource [mem 0x000a0000-0x000bffff window]
[    0.196002] pci_bus 0000:00: root bus resource [mem 0x80000000-0xfdffffff window]
[    0.197125] pci_bus 0000:00: root bus resource [bus 00-ff]
[    0.200839] pci 0000:00:01.1: legacy IDE quirk: reg 0x10: [io  0x01f0-0x01f7]
[    0.201886] pci 0000:00:01.1: legacy IDE quirk: reg 0x14: [io  0x03f6]
[    0.202827] pci 0000:00:01.1: legacy IDE quirk: reg 0x18: [io  0x0170-0x0177]
[    0.204000] pci 0000:00:01.1: legacy IDE quirk: reg 0x1c: [io  0x0376]
[    0.216178] pci 0000:00:07.0: quirk: [io  0x4000-0x403f] claimed by PIIX4 ACPI
[    0.217317] pci 0000:00:07.0: quirk: [io  0x4100-0x410f] claimed by PIIX4 SMB
[    0.225436] ACPI: PCI Interrupt Link [LNKA] (IRQs 5 9 10 *11)
[    0.226514] ACPI: PCI Interrupt Link [LNKB] (IRQs 5 9 *10 11)
[    0.227502] ACPI: PCI Interrupt Link [LNKC] (IRQs 5 *9 10 11)
[    0.228088] ACPI: PCI Interrupt Link [LNKD] (IRQs 5 9 10 *11)
[    0.229495] SCSI subsystem initialized
[    0.230141] pci 0000:00:02.0: vgaarb: setting as boot VGA device
[    0.231038] pci 0000:00:02.0: vgaarb: VGA device added: decodes=io+mem,owns=io+mem,locks=none
[    0.232004] pci 0000:00:02.0: vgaarb: bridge control possible
[    0.232876] vgaarb: loaded
[    0.233359] ACPI: bus type USB registered
[    0.234090] usbcore: registered new interface driver usbfs
[    0.234928] usbcore: registered new interface driver hub
[    0.236013] usbcore: registered new device driver usb
[    0.236830] EDAC MC: Ver: 3.0.0
[    0.237602] PCI: Using ACPI for IRQ routing
[    0.238515] NetLabel: Initializing
[    0.239209] NetLabel:  domain hash size = 128
[    0.240001] NetLabel:  protocols = UNLABELED CIPSOv4 CALIPSO
[    0.240932] NetLabel:  unlabeled traffic allowed by default
[    0.241662] clocksource: Switched to clocksource kvm-clock
[    0.265173] VFS: Disk quotas dquot_6.6.0
[    0.266139] VFS: Dquot-cache hash table entries: 512 (order 0, 4096 bytes)
[    0.267256] AppArmor: AppArmor Filesystem Enabled
[    0.267919] pnp: PnP ACPI init
[    0.269052] pnp: PnP ACPI: found 3 devices
[    0.274650] clocksource: acpi_pm: mask: 0xffffff max_cycles: 0xffffff, max_idle_ns: 2085701024 ns
[    0.275948] NET: Registered protocol family 2
[    0.276691] TCP established hash table entries: 16384 (order: 5, 131072 bytes)
[    0.277809] TCP bind hash table entries: 16384 (order: 6, 262144 bytes)
[    0.278604] TCP: Hash tables configured (established 16384 bind 16384)
[    0.279380] UDP hash table entries: 1024 (order: 3, 32768 bytes)
[    0.280108] UDP-Lite hash table entries: 1024 (order: 3, 32768 bytes)
[    0.280875] NET: Registered protocol family 1
[    0.281423] pci 0000:00:00.0: Limiting direct PCI/PCI transfers
[    0.282153] pci 0000:00:01.0: Activating ISA DMA hang workarounds
[    0.282901] pci 0000:00:02.0: Video device with shadowed ROM at [mem 0x000c0000-0x000dffff]
[    0.284057] Unpacking initramfs...
[    0.696389] Freeing initrd memory: 19516K
[    0.697659] clocksource: tsc: mask: 0xffffffffffffffff max_cycles: 0x255cb518234, max_idle_ns: 440795279333 ns
[    0.698865] platform rtc_cmos: registered platform RTC device (no PNP device found)
[    0.699789] Scanning for low memory corruption every 60 seconds
[    0.700879] Initialise system trusted keyrings
[    0.701479] Key type blacklist registered
[    0.702107] workingset: timestamp_bits=36 max_order=19 bucket_order=0
[    0.703563] zbud: loaded
[    0.704219] squashfs: version 4.0 (2009/01/31) Phillip Lougher
[    0.705063] fuse init (API version 7.26)
[    0.706019] Key type asymmetric registered
[    0.706525] Asymmetric key parser 'x509' registered
[    0.707218] Block layer SCSI generic (bsg) driver version 0.4 loaded (major 246)
[    0.708230] io scheduler noop registered
[    0.708779] io scheduler deadline registered
[    0.709317] io scheduler cfq registered (default)
[    0.710113] ACPI: AC Adapter [AC] (on-line)
[    0.710816] input: Power Button as /devices/LNXSYSTM:00/LNXPWRBN:00/input/input0
[    0.711816] ACPI: Power Button [PWRF]
[    0.712470] input: Sleep Button as /devices/LNXSYSTM:00/LNXSLPBN:00/input/input1
[    0.713368] ACPI: Sleep Button [SLPF]
[    0.714495] ACPI: Battery Slot [BAT0] (battery present)
[    0.715265] Serial: 8250/16550 driver, 32 ports, IRQ sharing enabled
[    0.744645] 00:02: ttyS0 at I/O 0x3f8 (irq = 4, base_baud = 115200) is a 16550A
[    0.746797] Linux agpgart interface v0.103
[    0.748139] loop: module loaded
[    0.749067] scsi host0: ata_piix
[    0.749665] scsi host1: ata_piix
[    0.750223] ata1: PATA max UDMA/33 cmd 0x1f0 ctl 0x3f6 bmdma 0xd000 irq 14
[    0.751267] ata2: PATA max UDMA/33 cmd 0x170 ctl 0x376 bmdma 0xd008 irq 15
[    0.752776] libphy: Fixed MDIO Bus: probed
[    0.753452] tun: Universal TUN/TAP device driver, 1.6
[    0.754470] PPP generic driver version 2.4.2
[    0.755180] ehci_hcd: USB 2.0 'Enhanced' Host Controller (EHCI) Driver
[    0.756277] ehci-pci: EHCI PCI platform driver
[    0.757302] ehci-platform: EHCI generic platform driver
[    0.758070] ohci_hcd: USB 1.1 'Open' Host Controller (OHCI) Driver
[    0.758866] ohci-pci: OHCI PCI platform driver
[    0.759421] ohci-platform: OHCI generic platform driver
[    0.760043] uhci_hcd: USB Universal Host Controller Interface driver
[    0.760824] i8042: PNP: PS/2 Controller [PNP0303:PS2K,PNP0f03:PS2M] at 0x60,0x64 irq 1,12
[    0.762217] serio: i8042 KBD port at 0x60,0x64 irq 1
[    0.762881] serio: i8042 AUX port at 0x60,0x64 irq 12
[    0.763545] mousedev: PS/2 mouse device common for all mice
[    0.764404] input: AT Translated Set 2 keyboard as /devices/platform/i8042/serio0/input/input2
[    0.765691] rtc_cmos rtc_cmos: rtc core: registered rtc_cmos as rtc0
[    0.766477] rtc_cmos rtc_cmos: alarms up to one day, 114 bytes nvram
[    0.767295] i2c /dev entries driver
[    0.767764] device-mapper: uevent: version 1.0.3
[    0.768490] device-mapper: ioctl: 4.37.0-ioctl (2017-09-20) initialised: dm-devel@redhat.com
[    0.769491] ledtrig-cpu: registered to indicate activity on CPUs
[    0.770273] intel_pmc_core:  initialized
[    0.770868] NET: Registered protocol family 10
[    0.773362] Segment Routing with IPv6
[    0.773842] NET: Registered protocol family 17
[    0.774410] Key type dns_resolver registered
[    0.774998] mce: Using 0 MCE banks
[    0.775435] RAS: Correctable Errors collector initialized.
[    0.776108] sched_clock: Marking stable (772485659, 0)->(963381273, -190895614)
[    0.777269] registered taskstats version 1
[    0.777979] Loading compiled-in X.509 certificates
[    0.780072] Loaded X.509 cert 'Build time autogenerated kernel key: de118354fe72448b469776565e76ac30c08e8db2'
[    0.782139] Loaded X.509 cert 'Canonical Ltd. Live Patch Signing: 14df34d1a87cf37625abec039ef2bf521249b969'
[    0.783961] Loaded X.509 cert 'Canonical Ltd. Kernel Module Signing: 88f752e560a1e0737e31163a466ad7b70a850c19'
[    0.785516] zswap: loaded using pool lzo/zbud
[    0.787885] Key type big_key registered
[    0.788584] Key type trusted registered
[    0.789992] Key type encrypted registered
[    0.790643] AppArmor: AppArmor sha1 policy hashing enabled
[    0.791604] ima: No TPM chip found, activating TPM-bypass! (rc=-19)
[    0.792583] ima: Allocated hash algorithm: sha1
[    0.793362] evm: HMAC attrs: 0x1
[    0.793996]   Magic number: 5:828:734
[    0.794572] rtc_cmos rtc_cmos: setting system clock to 2021-05-25 12:42:39 UTC (1621946559)
[    0.795602] BIOS EDD facility v0.16 2004-Jun-25, 0 devices found
[    0.796327] EDD information not available.
[    0.937708] Freeing unused kernel image memory: 2444K
[    0.944668] Write protecting the kernel read-only data: 20480k
[    0.945993] Freeing unused kernel image memory: 2008K
[    0.947279] Freeing unused kernel image memory: 1828K
[    0.953887] x86/mm: Checked W+X mappings: passed, no W+X pages found.
[    0.954911] x86/mm: Checking user space page tables
[    0.961148] x86/mm: Checked W+X mappings: passed, no W+X pages found.
Loading, please wait...
starting version 237
[    1.046447] e1000: Intel(R) PRO/1000 Network Driver - version 7.3.21-k8-NAPI
[    1.047847] e1000: Copyright (c) 1999-2006 Intel Corporation.
[    1.051465] Fusion MPT base driver 3.04.20
[    1.052473] Copyright (c) 1999-2008 LSI Corporation
[    1.059773] Fusion MPT SPI Host driver 3.04.20
[    1.079057] AVX2 version of gcm_enc/dec engaged.
[    1.079779] AES CTR mode by8 optimization enabled
[    1.259895] input: ImExPS/2 Generic Explorer Mouse as /devices/platform/i8042/serio1/input/input4
[    1.435527] e1000 0000:00:03.0 eth0: (PCI:33MHz:32-bit) 02:79:d1:66:99:96
[    1.436522] e1000 0000:00:03.0 eth0: Intel(R) PRO/1000 Network Connection
[    1.438359] mptbase: ioc0: Initiating bringup
[    1.532655] ioc0: LSI53C1030 A0: Capabilities={Initiator}
[    1.773963] scsi host2: ioc0: LSI53C1030 A0, FwRev=00000000h, Ports=1, MaxQ=256, IRQ=20
[    1.940420] scsi 2:0:0:0: Direct-Access     VBOX     HARDDISK         1.0  PQ: 0 ANSI: 5
[    1.941565] scsi target2:0:0: Beginning Domain Validation
[    1.945664] scsi target2:0:0: Domain Validation skipping write tests
[    1.946570] scsi target2:0:0: Ending Domain Validation
[    1.948303] scsi target2:0:0: asynchronous
[    1.950151] scsi 2:0:1:0: Direct-Access     VBOX     HARDDISK         1.0  PQ: 0 ANSI: 5
[    1.951567] scsi target2:0:1: Beginning Domain Validation
[    1.953134] random: fast init done
[    1.955350] scsi target2:0:1: Domain Validation skipping write tests
[    1.956156] scsi target2:0:1: Ending Domain Validation
[    1.957037] scsi target2:0:1: asynchronous
[    1.960867] random: systemd-udevd: uninitialized urandom read (16 bytes read)
[    1.961935] random: systemd-udevd: uninitialized urandom read (16 bytes read)
[    1.963106] random: systemd-udevd: uninitialized urandom read (16 bytes read)
[    1.964290] sd 2:0:0:0: [sda] 83886080 512-byte logical blocks: (42.9 GB/40.0 GiB)
[    1.965374] sd 2:0:0:0: [sda] Write Protect is off
[    1.966125] sd 2:0:0:0: Attached scsi generic sg0 type 0
[    1.967140] sd 2:0:0:0: [sda] Incomplete mode parameter data
[    1.967908] sd 2:0:0:0: [sda] Assuming drive cache: write through
[    1.969394] sd 2:0:1:0: [sdb] 20480 512-byte logical blocks: (10.5 MB/10.0 MiB)
[    1.971064] sd 2:0:1:0: [sdb] Write Protect is off
[    1.972217] sd 2:0:1:0: [sdb] Incomplete mode parameter data
[    1.973083] sd 2:0:1:0: [sdb] Assuming drive cache: write through
[    1.973973] sd 2:0:1:0: Attached scsi generic sg1 type 0
[    1.979907]  sda: sda1
[    1.989108] sd 2:0:0:0: [sda] Attached SCSI disk
[    2.002431] sd 2:0:1:0: [sdb] Attached SCSI disk
[    2.324349] e1000 0000:00:08.0 eth1: (PCI:33MHz:32-bit) 08:00:27:85:e0:3f
[    2.325391] e1000 0000:00:08.0 eth1: Intel(R) PRO/1000 Network Connection
[    2.327278] e1000 0000:00:08.0 enp0s8: renamed from eth1
[    2.329449] e1000 0000:00:03.0 enp0s3: renamed from eth0
Begin: Loading essential drivers ... [    3.668295] raid6: sse2x1   gen() 13621 MB/s
[    3.716132] raid6: sse2x1   xor()  9888 MB/s
[    3.764179] raid6: sse2x2   gen() 16776 MB/s
[    3.812178] raid6: sse2x2   xor() 11258 MB/s
[    3.860824] raid6: sse2x4   gen() 19794 MB/s
[    3.908200] raid6: sse2x4   xor() 11585 MB/s
[    3.956263] raid6: avx2x1   gen() 25355 MB/s
[    4.004618] raid6: avx2x1   xor() 16988 MB/s
[    4.052056] raid6: avx2x2   gen() 32119 MB/s
[    4.100412] raid6: avx2x2   xor() 20365 MB/s
[    4.148092] raid6: avx2x4   gen() 37691 MB/s
[    4.196425] raid6: avx2x4   xor() 23022 MB/s
[    4.197178] raid6: using algorithm avx2x4 gen() 37691 MB/s
[    4.197896] raid6: .... xor() 23022 MB/s, rmw enabled
[    4.198545] raid6: using avx2x2 recovery algorithm
[    4.200455] xor: automatically using best checksumming function   avx       
[    4.202312] async_tx: api initialized (async)
done.
Begin: Running /scripts/init-premount ... done.
Begin: Mounting root file system ... Begin: Running /scripts/local-top ... done.
Begin: Running /scripts/local-premount ... [    4.240425] Btrfs loaded, crc32c=crc32c-intel
Scanning for Btrfs filesystems
done.
Warning: fsck not present, so skipping root file system
[    4.269655] EXT4-fs (sda1): mounted filesystem with ordered data mode. Opts: (null)
done.
Begin: Running /scripts/local-bottom ... done.
Begin: Running /scripts/init-bottom ... done.
[    4.404952] ip_tables: (C) 2000-2006 Netfilter Core Team
[    4.411644] systemd[1]: systemd 237 running in system mode. (+PAM +AUDIT +SELINUX +IMA +APPARMOR +SMACK +SYSVINIT +UTMP +LIBCRYPTSETUP +GCRYPT +GNUTLS +ACL +XZ +LZ4 +SECCOMP +BLKID +ELFUTILS +KMOD -IDN2 +IDN -PCRE2 default-hierarchy=hybrid)
[    4.414397] systemd[1]: Detected virtualization oracle.
[    4.415029] systemd[1]: Detected architecture x86-64.

Welcome to [1mUbuntu 18.04.5 LTS[0m!

[    4.417744] systemd[1]: Set hostname to <ubuntu>.
[    4.419973] systemd[1]: Initializing machine ID from random generator.
[    4.420944] systemd[1]: Installed transient /etc/machine-id file.
[    4.628884] systemd[1]: Reached target System Time Synchronized.
[[0;32m  OK  [0m] Reached target System Time Synchronized.
[    4.630591] systemd[1]: Started Forward Password Requests to Wall Directory Watch.
[[0;32m  OK  [0m] Started Forward Password Requests to Wall Directory Watch.
[    4.644924] systemd[1]: Created slice User and Session Slice.
[[0;32m  OK  [0m] Created slice User and Session Slice.
[    4.646449] systemd[1]: Reached target User and Group Name Lookups.
[[0;32m  OK  [0m] Reached target User and Group Name Lookups.
[[0;32m  OK  [0m] Created slice System Slice.
[[0;32m  OK  [0m] Listening on Network Service Netlink Socket.
[[0;32m  OK  [0m] Reached target Slices.
[[0;32m  OK  [0m] Listening on /dev/initctl Compatibility Named Pipe.
[[0;32m  OK  [0m] Listening on Journal Audit Socket.
[[0;32m  OK  [0m] Listening on udev Kernel Socket.
[[0;32m  OK  [0m] Listening on Journal Socket.
         Mounting Huge Pages File System...
         Starting Create list of required stâ€¦ce nodes for the current kernel...
         Starting Load Kernel Modules...
         Starting Uncomplicated firewall...
[    4.721352] Loading iSCSI transport class v2.0-870.
         Starting Set the console keyboard layout...
[    4.727056] iscsi: registered transport (tcp)
[[0;32m  OK  [0m] Listening on Device-mapper event daemon FIFOs.
         Mounting POSIX Message Queue File System...
[[0;32m  OK  [0m] Listening on Journal Socket (/dev/log).
         Mounting Kernel Debug File System...
[[0;32m  OK  [0m] Listening on fsck to fsckd communication Socket.
         Starting File System Check on Root Device...
[[0;32m  OK  [0m] Listening on udev Control Socket.
         Starting udev Coldplug all Devices...
[[0;32m  OK  [0m] Listening on Syslog Socket.
         Starting Journal Service...
[[0;32m  OK  [0m] Created slice system-serial\x2dgetty.slice.
[[0;32m  OK  [0m] Listening on LVM2 metadata daemon socket.
         Starting Monitoring of LVM2 mirrorsâ€¦ng dmeventd or progress polling...
[[0;32m  OK  [0m] Listening on LVM2 poll daemon socket.
[[0;32m  OK  [0m] Reached target Swap.
[[0;32m  OK  [0m] Set up automount Arbitrary Executabâ€¦rmats File System Automount Point.
[[0;32m  OK  [0m] Started Journal Service.
[[0;32m  OK  [0m] Mounted Huge Pages File System.
[[0;32m  OK  [0m] Started Create list of required staâ€¦vice nodes for the current kernel.
[    4.850024] iscsi: registered transport (iser)
[[0;32m  OK  [0m] Started Load Kernel Modules.
[[0;32m  OK  [0m] Started Uncomplicated firewall.
[[0;32m  OK  [0m] Mounted POSIX Message Queue File System.
[[0;32m  OK  [0m] Mounted Kernel Debug File System.
[[0;32m  OK  [0m] Started Set the console keyboard layout.
[[0;32m  OK  [0m] Started File System Check on Root Device.
[[0;32m  OK  [0m] Started File System Check Daemon to report status.
[[0;32m  OK  [0m] Started LVM2 metadata daemon.
         Starting Remount Root and Kernel File Systems...
         Starting Apply Kernel Variables...
         Mounting FUSE Control File System...
         Mounting Kernel Configuration File System...
         Starting Create Static Device Nodes in /dev...
[[0;32m  OK  [0m] Mounted FUSE Control File System.
[[0;32m  OK  [0m] Mounted Kernel Configuration File System.
[[0;32m  OK  [0m] Started udev Coldplug all Devices.
[[0;32m  OK  [0m] Started Remount Root and Kernel File Systems.
         Starting Flush Journal to Persistent Storage...
         Starting Load/Save Random Seed...
[[0;32m  OK  [0m] Started Monitoring of LVM2 mirrors,â€¦sing dmeventd or progress polling.
[[0;32m  OK  [0m] Started Apply Kernel Variables.
[[0;32m  OK  [0m] Started Create Static Device Nodes in /dev.
[[0;32m  OK  [0m] Started Load/Save Random Seed.
         Starting udev Kernel Device Manager...
[[0;32m  OK  [0m] Reached target Local File Systems (Pre).
[[0;32m  OK  [0m] Reached target Local File Systems.
         Starting Commit a transient machine-id on disk...
         Starting ebtables ruleset management...
         Starting AppArmor initialization...
         Starting Tell Plymouth To Write Out Runtime Data...
         Starting Set console font and keymap...
[[0;32m  OK  [0m] Started udev Kernel Device Manager.
[[0;32m  OK  [0m] Started Dispatch Password Requests to Console Directory Watch.
[[0;32m  OK  [0m] Reached target Local Encrypted Volumes.
[[0;32m  OK  [0m] Started Tell Plymouth To Write Out Runtime Data.
[[0;32m  OK  [0m] Started Set console font and keymap.
[[0;32m  OK  [0m] Started Commit a transient machine-id on disk.
[[0;32m  OK  [0m] Started Flush Journal to Persistent Storage.
         Starting Create Volatile Files and Directories...
[[0;32m  OK  [0m] Started ebtables ruleset management.
[[0;32m  OK  [0m] Started Create Volatile Files and Directories.
         Starting Update UTMP about System Boot/Shutdown...
[[0;32m  OK  [0m] Started Update UTMP about System Boot/Shutdown.
[[0;32m  OK  [0m] Found device /dev/ttyS0.
[[0;32m  OK  [0m] Listening on Load/Save RF Kill Switch Status /dev/rfkill Watch.
[[0;32m  OK  [0m] Started AppArmor initialization.
         Starting Initial cloud-init job (pre-networking)...
         Starting Load AppArmor profiles managed internally by snapd...
[[0;32m  OK  [0m] Started Load AppArmor profiles managed internally by snapd.
[    7.286365] cloud-init[570]: Cloud-init v. 21.1-19-gbad84ad4-0ubuntu1~18.04.2 running 'init-local' at Tue, 25 May 2021 12:42:45 +0000. Up 6.99 seconds.
[[0;32m  OK  [0m] Started Initial cloud-init job (pre-networking).
[[0;32m  OK  [0m] Reached target Network (Pre).
         Starting Network Service...
[[0;32m  OK  [0m] Started Network Service.
         Starting Network Name Resolution...
         Starting Wait for Network to be Configured...
[[0;32m  OK  [0m] Started Network Name Resolution.
[[0;32m  OK  [0m] Reached target Network.
[[0;32m  OK  [0m] Reached target Host and Network Name Lookups.
[[0;32m  OK  [0m] Started Wait for Network to be Configured.
         Starting Initial cloud-init job (metadata service crawler)...
[    8.795039] cloud-init[679]: Cloud-init v. 21.1-19-gbad84ad4-0ubuntu1~18.04.2 running 'init' at Tue, 25 May 2021 12:42:47 +0000. Up 8.69 seconds.
[    8.796111] cloud-init[679]: ci-info: ++++++++++++++++++++++++++++++++++++++Net device info+++++++++++++++++++++++++++++++++++++++
[    8.808480] cloud-init[679]: ci-info: +--------+-------+----------------------------+---------------+--------+-------------------+
[    8.820255] cloud-init[679]: ci-info: | Device |   Up  |          Address           |      Mask     | Scope  |     Hw-Address    |
[    8.821478] cloud-init[679]: ci-info: +--------+-------+----------------------------+---------------+--------+-------------------+
[    8.822629] cloud-init[679]: ci-info: | enp0s3 |  True |         10.0.2.15          | 255.255.255.0 | global | 02:79:d1:66:99:96 |
[    8.832265] cloud-init[679]: ci-info: | enp0s3 |  True | fe80::79:d1ff:fe66:9996/64 |       .       |  link  | 02:79:d1:66:99:96 |
[    8.833358] cloud-init[679]: ci-info: | enp0s8 | False |             .              |       .       |   .    | 08:00:27:85:e0:3f |
[    8.834442] cloud-init[679]: ci-info: |   lo   |  True |         127.0.0.1          |   255.0.0.0   |  host  |         .         |
[    8.836013] cloud-init[679]: ci-info: |   lo   |  True |          ::1/128           |       .       |  host  |         .         |
[    8.838753] cloud-init[679]: ci-info: +--------+-------+----------------------------+---------------+--------+-------------------+
[    8.839878] cloud-init[679]: ci-info: ++++++++++++++++++++++++++++Route IPv4 info+++++++++++++++++++++++++++++
[    8.841932] cloud-init[679]: ci-info: +-------+-------------+----------+-----------------+-----------+-------+
[    8.843696] cloud-init[679]: ci-info: | Route | Destination | Gateway  |     Genmask     | Interface | Flags |
[    8.846137] cloud-init[679]: ci-info: +-------+-------------+----------+-----------------+-----------+-------+
[    8.847113] cloud-init[679]: ci-info: |   0   |   0.0.0.0   | 10.0.2.2 |     0.0.0.0     |   enp0s3  |   UG  |
[    8.849570] cloud-init[679]: ci-info: |   1   |   10.0.2.0  | 0.0.0.0  |  255.255.255.0  |   enp0s3  |   U   |
[    8.850415] cloud-init[679]: ci-info: |   2   |   10.0.2.2  | 0.0.0.0  | 255.255.255.255 |   enp0s3  |   UH  |
[    8.852499] cloud-init[679]: ci-info: +-------+-------------+----------+-----------------+-----------+-------+
[    8.853066] cloud-init[679]: ci-info: +++++++++++++++++++Route IPv6 info+++++++++++++++++++
[    8.865095] cloud-init[679]: ci-info: +-------+-------------+---------+-----------+-------+
[    8.865889] cloud-init[679]: ci-info: | Route | Destination | Gateway | Interface | Flags |
[    8.876134] cloud-init[679]: ci-info: +-------+-------------+---------+-----------+-------+
[    8.888337] cloud-init[679]: ci-info: |   1   |  fe80::/64  |    ::   |   enp0s3  |   U   |
[    8.888973] cloud-init[679]: ci-info: |   3   |    local    |    ::   |   enp0s3  |   U   |
[    8.889785] cloud-init[679]: ci-info: |   4   |   ff00::/8  |    ::   |   enp0s3  |   U   |
[    8.890587] cloud-init[679]: ci-info: +-------+-------------+---------+-----------+-------+
[    9.440607] cloud-init[679]: Generating public/private rsa key pair.
[    9.452882] cloud-init[679]: Your identification has been saved in /etc/ssh/ssh_host_rsa_key.
[    9.464142] cloud-init[679]: Your public key has been saved in /etc/ssh/ssh_host_rsa_key.pub.
[    9.464858] cloud-init[679]: The key fingerprint is:
[    9.465341] cloud-init[679]: SHA256:F9mq1/RiSQT/xUEAvYlXupNP6iEibV0SHEeEBtbY5gc root@ubuntu-bionic
[    9.476359] cloud-init[679]: The key's randomart image is:
[[0;32m  OK  [0m] Started Initial cloud-init job (metadata service crawler).
[[0;32m  OK  [0m] Reached target Network is Online.
[    9.491626] cloud-init[679]: +---[RSA 2048]----+
[    9.492787] cloud-init[679]: |         o*o*=oo |
[[0;32m  OK  [0m] Reached target Remote File Systems (Pre).
[[0;32m  OK  [0m] Reached target Remote File Systems.
[    9.507559] cloud-init[679]: |        ...Eo. o.|
[    9.509631] cloud-init[679]: |          *o* = o|
         Starting Availability of block devices...
[    9.524071] cloud-init[679]: |           *.B . |
[    9.524585] cloud-init[679]: |        S o.=.+  |
[[0;32m  OK  [0m] Reached target Cloud-config availability.
[[0;32m  OK  [0m] Reached target System Initialization.
         Starting Socket activation for snappy daemon.
[[0;32m  OK  [0m] Listening on ACPID Listen Socket.
[[0;32m  OK  [0m] Listening on UUID daemon activation socket.
[[0;32m  OK  [0m] Listening on D-Bus System Message Bus Socket.
[[0;32m  OK  [0m] Started Discard unused blocks once a week.
[[0;32m  OK  [0m] Listening on Open-iSCSI iscsid Socket.
[    9.525435] cloud-init[679]: |        .o.+o* . |
[    9.572625] cloud-init[679]: |       ..+.o=.*  |
[    9.584318] cloud-init[679]: |        o....o.. |
[    9.587267] cloud-init[679]: |            ..   |
[    9.587795] cloud-init[679]: +----[SHA256]-----+
[    9.588083] cloud-init[679]: Generating public/private dsa key pair.
[    9.588449] cloud-init[679]: Your identification has been saved in /etc/ssh/ssh_host_dsa_key.
[    9.589304] cloud-init[679]: Your public key has been saved in /etc/ssh/ssh_host_dsa_key.pub.
[    9.600690] cloud-init[679]: The key fingerprint is:
[[0;32m  OK  [0m] Started ACPI Events Check.
[[0;32m  OK  [0m] Started Daily Cleanup of Temporary Directories.
[    9.601648] cloud-init[679]: SHA256:NupGwwSO03RA13lL5uWFv8OsStFBRgDeSYP0DoBffBQ root@ubuntu-bionic         Starting LXD - unix socket.
[[0;32m  OK  [0m] Reached target Paths.
[[0;32m  OK  [0m] Started Daily apt download activities.
[[0;32m  OK  [0m] Started Daily apt upgrade and clean activities.
[[0;32m  OK  [0m] Started Message of the Day.
[[0;32m  OK  [0m] Started Ubuntu Advantage update messaging.
[[0;32m  OK  [0m] Reached target Timers.

[    9.607503] cloud-init[679]: The key's randomart image is:
[    9.608140] cloud-init[679]: +---[DSA 1024]----+
[    9.611007] cloud-init[679]: |   .ooo+o=E++.   |
[[0;32m  OK  [0m] Started Availability of block devices.
[[0;32m  OK  [0m] Listening on Socket activation for snappy daemon.
[[0;32m  OK  [0m] Listening on LXD - unix socket.
[[0;32m  OK  [0m] Reached target Sockets.
[[0;32m  OK  [0m] Reached target Basic System.
[    9.619438] cloud-init[679]: |    +..o*+==o .  |
[    9.660310] cloud-init[679]: |   = + .o*++.o   |
[[0;32m  OK  [0m] Started irqbalance daemon.
[    9.673796] cloud-init[679]: |  o o o  oo....  |
[    9.674959] cloud-init[679]: |   . o  S o .o . |
[    9.675995] [[0;32m  OK  [0m] Started D-Bus System Message Bus.
cloud-init[679]: |      +o . .  =  |
[    9.688368] cloud-init[679]: |     ...  .  . . |
         Starting Accounts Service...
[    9.703739] cloud-init[679]: |     ..  .  .    |
[[0;32m  OK  [0m] Started FUSE filesystem for LXC.
[    9.719586] cloud-init[679]: |     ..   ..     |
         Starting LXD - container startup/shutdown...
[    9.721121] cloud-init[679]: +----[SHA256]-----+
         Starting LSB: automatic crash report generation...
[    9.735574] cloud-init[679]: Generating public/private ecdsa key pair.
[    9.736865] cloud-init[679]: Your identification has been saved in /etc/ssh/ssh_host_ecdsa_key.
         Starting LSB: Record successful boot for GRUB...
[    9.737879] cloud-init[679]: Your public key has been saved in /etc/ssh/ssh_host_ecdsa_key.pub.
[    9.739478] cloud-init         Starting Login Service...
[679]: The key fingerprint is:
[    9.744537] cloud-init[679]: SHA256:00yjKnfUHvv+4HYOwi+d6diSREnP1mFiDQFMOwcO0IA root@ubuntu-bionic
[    9.745562] cloud-init[679]: The key's randomart image is:
[    9.756267] cloud-init[679]: +---[ECDSA 256]---+
[    9.768412] cloud-init[679]: |     .o+.o+.o+   |
[    9.768830] cloud-init[679]: |    E   .oooo +  |
[    9.769436] cloud-init[679]: |         .*=.+ . |
[    9.771616] cloud-init[679]: |         *o++ .  |
[    9.780374] cloud-init[679]: |        S.=.     |
[    9.781069] cloud-init[679]: |       o +.o     |
[    9.783117] cloud-init[679]: |    . o ..=ooo   |
[    9.783771] cloud-init[679]: |     o .  +B=o.  |
[    9.784440] cloud-init[679]: |          .*B+o  |
[    9.785094] cloud-init[679]: +----[SHA256]-----+
[    9.785872] cloud-init[679]: Generating public/private ed25519 key pair.
[    9.786727] cloud-init[679]: Your identification has been saved in /etc/ssh/ssh_host_ed25519_key.
[    9.787893] cloud-init[679]: Your public key has been saved in /etc/ssh/ssh_host_ed25519_key.pub.
[    9.788933] cloud-init[679]: The key fingerprint is:
[    9.804533] cloud-init[679]: SHA256:M6Pz9egEPJkfxBWmS+/s6tBg7PNjI2rk3n3vFPQL/WI root@ubuntu-bionic
[    9.805550] cloud-init[679]: The key's randomart image is:
[    9.806524] cloud-init[679]: +--[ED25519 256]--+
[    9.807113] cloud-init[679]: |            +.   |
[    9.816283] cloud-init[679]: |         . +     |
[    9.817027] cloud-init[679]: |          =   .  |
[    9.817633] cloud-init[679]: |       o = o ... |
[    9.818253] cloud-init[679]: |        S o .....|
[    9.818855] cloud-init[679]: |      .+ X +  ..o|
[    9.819598] cloud-init[679]: |     oo + = o E..|
[    9.820174] cloud-init[679]: |      o+.B++.o . |
[    9.821456] cloud-init[679]: |     oo.o=B=ooo  |
[    9.832240] cloud-init[679]: +----[SHA256]-----+
         Starting Pollinate to seed the pseudo random number generator...
         Starting Snap Daemon...
         Starting System Logging Service...
         Starting Virtualbox guest utils...
         Starting Dispatcher daemon for systemd-networkd...
[[0;32m  OK  [0m] Started Regular background program processing daemon.
         Starting Permit User Sessions...
[[0;32m  OK  [0m] Started Deferred execution scheduler.
[[0;32m  OK  [0m] Started System Logging Service.
[[0;32m  OK  [0m] Started LXD - container startup/shutdown.
[[0;32m  OK  [0m] Started Login Service.
[[0;32m  OK  [0m] Started Permit User Sessions.
         Starting Hold until boot process finishes up...
         Starting Terminate Plymouth Boot Screen...
         Starting Authorization Manager...
[[0;32m  OK  [0m] Started Unattended Upgrades Shutdown.
[[0;32m  OK  [0m] Started Hold until boot process finishes up.
[[0;32m  OK  [0m] Started Terminate Plymouth Boot Screen.
[[0;32m  OK  [0m] Started Serial Getty on ttyS0.
         Starting Set console scheme...
[[0;32m  OK  [0m] Started Set console scheme.
[[0;32m  OK  [0m] Started LSB: automatic crash report generation.
[[0;32m  OK  [0m] Created slice system-getty.slice.
[[0;32m  OK  [0m] Started Getty on tty1.
[[0;32m  OK  [0m] Reached target Login Prompts.
[[0;32m  OK  [0m] Started LSB: Record successful boot for GRUB.
[[0;32m  OK  [0m] Started Authorization Manager.
[[0;32m  OK  [0m] Started Accounts Service.
[[0;32m  OK  [0m] Started Virtualbox guest utils.
[[0;32m  OK  [0m] Started Dispatcher daemon for systemd-networkd.
[[0;32m  OK  [0m] Started Snap Daemon.
         Starting Wait until snapd is fully seeded...
[[0;32m  OK  [0m] Started Pollinate to seed the pseudo random number generator.
         Starting OpenBSD Secure Shell server...
[[0;32m  OK  [0m] Started OpenBSD Secure Shell server.
[[0;32m  OK  [0m] Started Wait until snapd is fully seeded.
         Starting Apply the settings specified in cloud-config...
[[0;32m  OK  [0m] Reached target Multi-User System.
[[0;32m  OK  [0m] Reached target Graphical Interface.
         Starting Update UTMP about System Runlevel Changes...
[[0;32m  OK  [0m] Started Update UTMP about System Runlevel Changes.
[[0;32m  OK  [0m] Created slice User Slice of vagrant.
         Starting User Manager for UID 1000...
[[0;32m  OK  [0m] Started Session 1 of user vagrant.
[[0;32m  OK  [0m] Started User Manager for UID 1000.
[   13.672896] cloud-init[1145]: Cloud-init v. 21.1-19-gbad84ad4-0ubuntu1~18.04.2 running 'modules:config' at Tue, 25 May 2021 12:42:51 +0000. Up 12.60 seconds.
[[0;32m  OK  [0m] Started Apply the settings specified in cloud-config.
         Starting Execute cloud user/final scripts...
ci-info: no authorized SSH keys fingerprints found for user ubuntu.
<14>May 25 12:42:53 ec2: 
<14>May 25 12:42:53 ec2: #############################################################
<14>May 25 12:42:53 ec2: -----BEGIN SSH HOST KEY FINGERPRINTS-----
<14>May 25 12:42:53 ec2: 1024 SHA256:NupGwwSO03RA13lL5uWFv8OsStFBRgDeSYP0DoBffBQ root@ubuntu-bionic (DSA)
<14>May 25 12:42:53 ec2: 256 SHA256:00yjKnfUHvv+4HYOwi+d6diSREnP1mFiDQFMOwcO0IA root@ubuntu-bionic (ECDSA)
<14>May 25 12:42:53 ec2: 256 SHA256:M6Pz9egEPJkfxBWmS+/s6tBg7PNjI2rk3n3vFPQL/WI root@ubuntu-bionic (ED25519)
<14>May 25 12:42:53 ec2: 2048 SHA256:F9mq1/RiSQT/xUEAvYlXupNP6iEibV0SHEeEBtbY5gc root@ubuntu-bionic (RSA)
<14>May 25 12:42:53 ec2: -----END SSH HOST KEY FINGERPRINTS-----
<14>May 25 12:42:53 ec2: #############################################################
-----BEGIN SSH HOST KEY KEYS-----
ecdsa-sha2-nistp256 AAAAE2VjZHNhLXNoYTItbmlzdHAyNTYAAAAIbmlzdHAyNTYAAABBBE96YoLMUkB+4BDMNGKrDmjrhFoyl7iwN6OB+dDlpoOTe0ZR2qUsIqs7pck/YWMJenPfid2J4o8F6DJj0i3BpzA= root@ubuntu-bionic
ssh-ed25519 AAAAC3NzaC1lZDI1NTE5AAAAIBXiDFH/XbHt7iXwn4guTSq8jGdZ9orEznhAuLz+Ccmk root@ubuntu-bionic
ssh-rsa AAAAB3NzaC1yc2EAAAADAQABAAABAQCu5fzmkYR0M6difmG7jayAkViqF9LwIpSsJiaEXs6g45fVQi5aul/PAGUYI748SwmNHLyBlExV8RUDuTcHT2+x9nlozTTQcmmk+wj6iyaKcs/ddJDYBPJTxGZMYVdb9+6uU+qn+t4RUVraq6OvB75iSpz5QtLyaZQqbymxlqBsIOkLbIZE4+pa3W8j95W4lq+HxomrANZ6hEEoDlTQiozS1q3TW4iyD6NS9ahME0s3mENTp7kKGSYbomo33nOgrp4DmIqDIbPtHEvoLJv1uDqPq0MOwEuus3V+MMP0+lhpmLqV30k4SQUpXwjCcSlduZdg7hmH1TNRaQOHdewlak2z root@ubuntu-bionic
-----END SSH HOST KEY KEYS-----
[   14.655128] cloud-init[1280]: Cloud-init v. 21.1-19-gbad84ad4-0ubuntu1~18.04.2 running 'modules:final' at Tue, 25 May 2021 12:42:53 +0000. Up 14.46 seconds.
[   14.656458] cloud-init[1280]: ci-info: no authorized SSH keys fingerprints found for user ubuntu.
[   14.657418] cloud-init[1280]: Cloud-init v. 21.1-19-gbad84ad4-0ubuntu1~18.04.2 finished at Tue, 25 May 2021 12:42:53 +0000. Datasource DataSourceNoCloud [seed=/dev/sdb][dsmode=net].  Up 14.64 seconds
[[0;32m  OK  [0m] Started Execute cloud user/final scripts.
[[0;32m  OK  [0m] Reached target Cloud-init target.

Ubuntu 18.04.5 LTS ubuntu-bionic ttyS0

ubuntu-bionic login: 