[    0.000000] Linux version 4.15.0-143-generic (buildd@lcy01-amd64-001) (gcc version 7.5.0 (Ubuntu 7.5.0-3ubuntu1~18.04)) #147-Ubuntu SMP Wed Apr 14 16:10:11 UTC 2021 (Ubuntu 4.15.0-143.147-generic 4.15.18)
[    0.000000] Command line: BOOT_IMAGE=/boot/vmlinuz-4.15.0-143-generic root=LABEL=cloudimg-rootfs ro console=tty1 console=ttyS0
[    0.000000] KERNEL supported cpus:
[    0.000000]   Intel GenuineIntel
[    0.000000]   AMD AuthenticAMD
[    0.000000]   Centaur CentaurHauls
[    0.000000] x86/fpu: Supporting XSAVE feature 0x001: 'x87 floating point registers'
[    0.000000] x86/fpu: Supporting XSAVE feature 0x002: 'SSE registers'
[    0.000000] x86/fpu: Supporting XSAVE feature 0x004: 'AVX registers'
[    0.000000] x86/fpu: xstate_offset[2]:  576, xstate_sizes[2]:  256
[    0.000000] x86/fpu: Enabled xstate features 0x7, context size is 832 bytes, using 'standard' format.
[    0.000000] e820: BIOS-provided physical RAM map:
[    0.000000] BIOS-e820: [mem 0x0000000000000000-0x000000000009fbff] usable
[    0.000000] BIOS-e820: [mem 0x000000000009fc00-0x000000000009ffff] reserved
[    0.000000] BIOS-e820: [mem 0x00000000000f0000-0x00000000000fffff] reserved
[    0.000000] BIOS-e820: [mem 0x0000000000100000-0x000000007ffeffff] usable
[    0.000000] BIOS-e820: [mem 0x000000007fff0000-0x000000007fffffff] ACPI data
[    0.000000] BIOS-e820: [mem 0x00000000fec00000-0x00000000fec00fff] reserved
[    0.000000] BIOS-e820: [mem 0x00000000fee00000-0x00000000fee00fff] reserved
[    0.000000] BIOS-e820: [mem 0x00000000fffc0000-0x00000000ffffffff] reserved
[    0.000000] NX (Execute Disable) protection: active
[    0.000000] SMBIOS 2.5 present.
[    0.000000] DMI: innotek GmbH VirtualBox/VirtualBox, BIOS VirtualBox 12/01/2006
[    0.000000] Hypervisor detected: KVM
[    0.000000] e820: last_pfn = 0x7fff0 max_arch_pfn = 0x400000000
[    0.000000] MTRR: Disabled
[    0.000000] x86/PAT: MTRRs disabled, skipping PAT initialization too.
[    0.000000] CPU MTRRs all blank - virtualized system.
[    0.000000] x86/PAT: Configuration [0-7]: WB  WT  UC- UC  WB  WT  UC- UC  
[    0.000000] found SMP MP-table at [mem 0x0009fff0-0x0009ffff]
[    0.000000] Scanning 1 areas for low memory corruption
[    0.000000] RAMDISK: [mem 0x359d1000-0x36cdffff]
[    0.000000] ACPI: Early table checksum verification disabled
[    0.000000] ACPI: RSDP 0x00000000000E0000 000024 (v02 VBOX  )
[    0.000000] ACPI: XSDT 0x000000007FFF0030 00003C (v01 VBOX   VBOXXSDT 00000001 ASL  00000061)
[    0.000000] ACPI: FACP 0x000000007FFF00F0 0000F4 (v04 VBOX   VBOXFACP 00000001 ASL  00000061)
[    0.000000] ACPI: DSDT 0x000000007FFF0470 002325 (v02 VBOX   VBOXBIOS 00000002 INTL 20100528)
[    0.000000] ACPI: FACS 0x000000007FFF0200 000040
[    0.000000] ACPI: FACS 0x000000007FFF0200 000040
[    0.000000] ACPI: APIC 0x000000007FFF0240 000054 (v02 VBOX   VBOXAPIC 00000001 ASL  00000061)
[    0.000000] ACPI: SSDT 0x000000007FFF02A0 0001CC (v01 VBOX   VBOXCPUT 00000002 INTL 20100528)
[    0.000000] No NUMA configuration found
[    0.000000] Faking a node at [mem 0x0000000000000000-0x000000007ffeffff]
[    0.000000] NODE_DATA(0) allocated [mem 0x7ffc5000-0x7ffeffff]
[    0.000000] kvm-clock: cpu 0, msr 0:7ff44001, primary cpu clock
[    0.000000] kvm-clock: Using msrs 4b564d01 and 4b564d00
[    0.000000] kvm-clock: using sched offset of 3696444612 cycles
[    0.000000] clocksource: kvm-clock: mask: 0xffffffffffffffff max_cycles: 0x1cd42e4dffb, max_idle_ns: 881590591483 ns
[    0.000000] Zone ranges:
[    0.000000]   DMA      [mem 0x0000000000001000-0x0000000000ffffff]
[    0.000000]   DMA32    [mem 0x0000000001000000-0x000000007ffeffff]
[    0.000000]   Normal   empty
[    0.000000]   Device   empty
[    0.000000] Movable zone start for each node
[    0.000000] Early memory node ranges
[    0.000000]   node   0: [mem 0x0000000000001000-0x000000000009efff]
[    0.000000]   node   0: [mem 0x0000000000100000-0x000000007ffeffff]
[    0.000000] Reserved but unavailable: 98 pages
[    0.000000] Initmem setup node 0 [mem 0x0000000000001000-0x000000007ffeffff]
[    0.000000] ACPI: PM-Timer IO Port: 0x4008
[    0.000000] IOAPIC[0]: apic_id 1, version 32, address 0xfec00000, GSI 0-23
[    0.000000] ACPI: INT_SRC_OVR (bus 0 bus_irq 0 global_irq 2 dfl dfl)
[    0.000000] ACPI: INT_SRC_OVR (bus 0 bus_irq 9 global_irq 9 low level)
[    0.000000] Using ACPI (MADT) for SMP configuration information
[    0.000000] smpboot: Allowing 1 CPUs, 0 hotplug CPUs
[    0.000000] PM: Registered nosave memory: [mem 0x00000000-0x00000fff]
[    0.000000] PM: Registered nosave memory: [mem 0x0009f000-0x0009ffff]
[    0.000000] PM: Registered nosave memory: [mem 0x000a0000-0x000effff]
[    0.000000] PM: Registered nosave memory: [mem 0x000f0000-0x000fffff]
[    0.000000] e820: [mem 0x80000000-0xfebfffff] available for PCI devices
[    0.000000] Booting paravirtualized kernel on KVM
[    0.000000] clocksource: refined-jiffies: mask: 0xffffffff max_cycles: 0xffffffff, max_idle_ns: 7645519600211568 ns
[    0.000000] random: get_random_bytes called from start_kernel+0x99/0x500 with crng_init=0
[    0.000000] setup_percpu: NR_CPUS:8192 nr_cpumask_bits:1 nr_cpu_ids:1 nr_node_ids:1
[    0.000000] percpu: Embedded 45 pages/cpu s147456 r8192 d28672 u2097152
[    0.000000] PV qspinlock hash table entries: 256 (order: 0, 4096 bytes)
[    0.000000] Built 1 zonelists, mobility grouping on.  Total pages: 515961
[    0.000000] Policy zone: DMA32
[    0.000000] Kernel command line: BOOT_IMAGE=/boot/vmlinuz-4.15.0-143-generic root=LABEL=cloudimg-rootfs ro console=tty1 console=ttyS0
[    0.000000] Memory: 2015096K/2096696K available (12300K kernel code, 2483K rwdata, 4316K rodata, 2444K init, 2724K bss, 81600K reserved, 0K cma-reserved)
[    0.000000] SLUB: HWalign=64, Order=0-3, MinObjects=0, CPUs=1, Nodes=1
[    0.000000] Kernel/User page tables isolation: enabled
[    0.000000] ftrace: allocating 39437 entries in 155 pages
[    0.004000] Hierarchical RCU implementation.
[    0.004000] 	RCU restricting CPUs from NR_CPUS=8192 to nr_cpu_ids=1.
[    0.004000] 	Tasks RCU enabled.
[    0.004000] RCU: Adjusting geometry for rcu_fanout_leaf=16, nr_cpu_ids=1
[    0.004000] NR_IRQS: 524544, nr_irqs: 256, preallocated irqs: 16
[    0.004000] Console: colour VGA+ 80x25
[    0.004000] console [tty1] enabled
[    0.004000] console [ttyS0] enabled
[    0.004000] ACPI: Core revision 20170831
[    0.004000] ACPI: 2 ACPI AML tables successfully acquired and loaded
[    0.004000] APIC: Switch to symmetric I/O mode setup
[    0.004000] x2apic enabled
[    0.004000] Switched APIC routing to physical x2apic.
[    0.004000] ..TIMER: vector=0x30 apic1=0 pin1=2 apic2=-1 pin2=-1
[    0.004000] tsc: Detected 2591.998 MHz processor
[    0.004000] Calibrating delay loop (skipped) preset value.. 5183.99 BogoMIPS (lpj=10367992)
[    0.004003] pid_max: default: 32768 minimum: 301
[    0.004664] Security Framework initialized
[    0.005178] Yama: becoming mindful.
[    0.005637] AppArmor: AppArmor initialized
[    0.008000] Dentry cache hash table entries: 262144 (order: 9, 2097152 bytes)
[    0.012000] Inode-cache hash table entries: 131072 (order: 8, 1048576 bytes)
[    0.012019] Mount-cache hash table entries: 4096 (order: 3, 32768 bytes)
[    0.012867] Mountpoint-cache hash table entries: 4096 (order: 3, 32768 bytes)
[    0.013899] process: using mwait in idle threads
[    0.014499] Last level iTLB entries: 4KB 64, 2MB 8, 4MB 8
[    0.015156] Last level dTLB entries: 4KB 64, 2MB 0, 4MB 0, 1GB 4
[    0.016003] Spectre V1 : Mitigation: usercopy/swapgs barriers and __user pointer sanitization
[    0.017190] Spectre V2 : Mitigation: Full generic retpoline
[    0.017879] Spectre V2 : Spectre v2 / SpectreRSB mitigation: Filling RSB on context switch
[    0.019108] Speculative Store Bypass: Vulnerable
[    0.020022] SRBDS: Unknown: Dependent on hypervisor status
[    0.020679] MDS: Mitigation: Clear CPU buffers
[    0.027551] Freeing SMP alternatives memory: 36K
[    0.132027] APIC calibration not consistent with PM-Timer: 105ms instead of 100ms
[    0.132971] APIC delta adjusted to PM-Timer: 6250028 (6591746)
[    0.136044] smpboot: CPU0: Intel(R) Core(TM) i7-9750H CPU @ 2.60GHz (family: 0x6, model: 0x9e, stepping: 0xa)
[    0.137326] Performance Events: unsupported p6 CPU model 158 no PMU driver, software events only.
[    0.138508] Hierarchical SRCU implementation.
[    0.139697] NMI watchdog: Perf event create on CPU 0 failed with -2
[    0.140002] NMI watchdog: Perf NMI watchdog permanently disabled
[    0.140757] smp: Bringing up secondary CPUs ...
[    0.141303] smp: Brought up 1 node, 1 CPU
[    0.141841] smpboot: Max logical packages: 1
[    0.142359] smpboot: Total of 1 processors activated (5183.99 BogoMIPS)
[    0.143220] devtmpfs: initialized
[    0.144041] x86/mm: Memory block size: 128MB
[    0.144695] evm: security.selinux
[    0.145118] evm: security.SMACK64
[    0.145565] evm: security.SMACK64EXEC
[    0.146064] evm: security.SMACK64TRANSMUTE
[    0.146625] evm: security.SMACK64MMAP
[    0.147161] evm: security.apparmor
[    0.147706] evm: security.ima
[    0.148006] evm: security.capability
[    0.148546] clocksource: jiffies: mask: 0xffffffff max_cycles: 0xffffffff, max_idle_ns: 7645041785100000 ns
[    0.149692] futex hash table entries: 256 (order: 2, 16384 bytes)
[    0.150438] pinctrl core: initialized pinctrl subsystem
[    0.151130] RTC time: 12:51:07, date: 05/25/21
[    0.151729] NET: Registered protocol family 16
[    0.152054] audit: initializing netlink subsys (disabled)
[    0.152780] cpuidle: using governor ladder
[    0.153287] cpuidle: using governor menu
[    0.154101] ACPI: bus type PCI registered
[    0.154838] acpiphp: ACPI Hot Plug PCI Controller Driver version: 0.5
[    0.156023] PCI: Using configuration type 1 for base access
[    0.156928] audit: type=2000 audit(1621947071.770:1): state=initialized audit_enabled=0 res=1
[    0.158836] HugeTLB registered 2.00 MiB page size, pre-allocated 0 pages
[    0.160121] ACPI: Added _OSI(Module Device)
[    0.160822] ACPI: Added _OSI(Processor Device)
[    0.161369] ACPI: Added _OSI(3.0 _SCP Extensions)
[    0.161937] ACPI: Added _OSI(Processor Aggregator Device)
[    0.162574] ACPI: Added _OSI(Linux-Dell-Video)
[    0.163105] ACPI: Added _OSI(Linux-Lenovo-NV-HDMI-Audio)
[    0.164010] ACPI: Added _OSI(Linux-HPI-Hybrid-Graphics)
[    0.164848] ACPI: Executed 1 blocks of module-level executable AML code
[    0.167883] ACPI: Interpreter enabled
[    0.168021] ACPI: (supports S0 S5)
[    0.168449] ACPI: Using IOAPIC for interrupt routing
[    0.169208] PCI: Using host bridge windows from ACPI; if necessary, use "pci=nocrs" and report a bug
[    0.170490] ACPI: Enabled 2 GPEs in block 00 to 07
[    0.180764] ACPI: PCI Root Bridge [PCI0] (domain 0000 [bus 00-ff])
[    0.181553] acpi PNP0A03:00: _OSC: OS supports [ASPM ClockPM Segments MSI]
[    0.184329] acpi PNP0A03:00: _OSC: not requesting OS control; OS requires [ExtendedConfig ASPM ClockPM MSI]
[    0.185470] acpi PNP0A03:00: fail to add MMCONFIG information, can't access extended PCI configuration space under this bridge.
[    0.187066] PCI host bridge to bus 0000:00
[    0.188003] pci_bus 0000:00: root bus resource [io  0x0000-0x0cf7 window]
[    0.188865] pci_bus 0000:00: root bus resource [io  0x0d00-0xffff window]
[    0.189756] pci_bus 0000:00: root bus resource [mem 0x000a0000-0x000bffff window]
[    0.190710] pci_bus 0000:00: root bus resource [mem 0x80000000-0xfdffffff window]
[    0.191700] pci_bus 0000:00: root bus resource [bus 00-ff]
[    0.193646] pci 0000:00:01.1: legacy IDE quirk: reg 0x10: [io  0x01f0-0x01f7]
[    0.194573] pci 0000:00:01.1: legacy IDE quirk: reg 0x14: [io  0x03f6]
[    0.196004] pci 0000:00:01.1: legacy IDE quirk: reg 0x18: [io  0x0170-0x0177]
[    0.197008] pci 0000:00:01.1: legacy IDE quirk: reg 0x1c: [io  0x0376]
[    0.214116] pci 0000:00:07.0: quirk: [io  0x4000-0x403f] claimed by PIIX4 ACPI
[    0.215113] pci 0000:00:07.0: quirk: [io  0x4100-0x410f] claimed by PIIX4 SMB
[    0.225227] ACPI: PCI Interrupt Link [LNKA] (IRQs 5 9 10 *11)
[    0.226194] ACPI: PCI Interrupt Link [LNKB] (IRQs 5 9 *10 11)
[    0.227028] ACPI: PCI Interrupt Link [LNKC] (IRQs 5 *9 10 11)
[    0.227867] ACPI: PCI Interrupt Link [LNKD] (IRQs 5 9 10 *11)
[    0.228201] SCSI subsystem initialized
[    0.228970] pci 0000:00:02.0: vgaarb: setting as boot VGA device
[    0.229930] pci 0000:00:02.0: vgaarb: VGA device added: decodes=io+mem,owns=io+mem,locks=none
[    0.231056] pci 0000:00:02.0: vgaarb: bridge control possible
[    0.232001] vgaarb: loaded
[    0.232380] ACPI: bus type USB registered
[    0.232965] usbcore: registered new interface driver usbfs
[    0.233710] usbcore: registered new interface driver hub
[    0.234346] usbcore: registered new device driver usb
[    0.234980] EDAC MC: Ver: 3.0.0
[    0.236175] PCI: Using ACPI for IRQ routing
[    0.236887] NetLabel: Initializing
[    0.237411] NetLabel:  domain hash size = 128
[    0.238115] NetLabel:  protocols = UNLABELED CIPSOv4 CALIPSO
[    0.238825] NetLabel:  unlabeled traffic allowed by default
[    0.239636] clocksource: Switched to clocksource kvm-clock
[    0.264334] VFS: Disk quotas dquot_6.6.0
[    0.265072] VFS: Dquot-cache hash table entries: 512 (order 0, 4096 bytes)
[    0.266043] AppArmor: AppArmor Filesystem Enabled
[    0.266635] pnp: PnP ACPI init
[    0.267810] pnp: PnP ACPI: found 3 devices
[    0.273442] clocksource: acpi_pm: mask: 0xffffff max_cycles: 0xffffff, max_idle_ns: 2085701024 ns
[    0.274783] NET: Registered protocol family 2
[    0.275526] TCP established hash table entries: 16384 (order: 5, 131072 bytes)
[    0.276645] TCP bind hash table entries: 16384 (order: 6, 262144 bytes)
[    0.277574] TCP: Hash tables configured (established 16384 bind 16384)
[    0.278470] UDP hash table entries: 1024 (order: 3, 32768 bytes)
[    0.279303] UDP-Lite hash table entries: 1024 (order: 3, 32768 bytes)
[    0.280222] NET: Registered protocol family 1
[    0.280891] pci 0000:00:00.0: Limiting direct PCI/PCI transfers
[    0.281771] pci 0000:00:01.0: Activating ISA DMA hang workarounds
[    0.282809] pci 0000:00:02.0: Video device with shadowed ROM at [mem 0x000c0000-0x000dffff]
[    0.284394] Unpacking initramfs...
[    0.716663] Freeing initrd memory: 19516K
[    0.717608] clocksource: tsc: mask: 0xffffffffffffffff max_cycles: 0x255cb518234, max_idle_ns: 440795279333 ns
[    0.719883] platform rtc_cmos: registered platform RTC device (no PNP device found)
[    0.721529] Scanning for low memory corruption every 60 seconds
[    0.722836] Initialise system trusted keyrings
[    0.723410] Key type blacklist registered
[    0.724140] workingset: timestamp_bits=36 max_order=19 bucket_order=0
[    0.726409] zbud: loaded
[    0.727392] squashfs: version 4.0 (2009/01/31) Phillip Lougher
[    0.728547] fuse init (API version 7.26)
[    0.730068] Key type asymmetric registered
[    0.730926] Asymmetric key parser 'x509' registered
[    0.732386] Block layer SCSI generic (bsg) driver version 0.4 loaded (major 246)
[    0.734932] io scheduler noop registered
[    0.735802] io scheduler deadline registered
[    0.736719] io scheduler cfq registered (default)
[    0.737693] ACPI: AC Adapter [AC] (on-line)
[    0.738424] input: Power Button as /devices/LNXSYSTM:00/LNXPWRBN:00/input/input0
[    0.739610] ACPI: Power Button [PWRF]
[    0.740450] input: Sleep Button as /devices/LNXSYSTM:00/LNXSLPBN:00/input/input1
[    0.741630] ACPI: Sleep Button [SLPF]
[    0.743188] ACPI: Battery Slot [BAT0] (battery present)
[    0.744280] Serial: 8250/16550 driver, 32 ports, IRQ sharing enabled
[    0.775896] 00:02: ttyS0 at I/O 0x3f8 (irq = 4, base_baud = 115200) is a 16550A
[    0.777776] Linux agpgart interface v0.103
[    0.778945] loop: module loaded
[    0.779705] scsi host0: ata_piix
[    0.780286] scsi host1: ata_piix
[    0.780723] ata1: PATA max UDMA/33 cmd 0x1f0 ctl 0x3f6 bmdma 0xd000 irq 14
[    0.781551] ata2: PATA max UDMA/33 cmd 0x170 ctl 0x376 bmdma 0xd008 irq 15
[    0.782896] libphy: Fixed MDIO Bus: probed
[    0.783423] tun: Universal TUN/TAP device driver, 1.6
[    0.784253] PPP generic driver version 2.4.2
[    0.784803] ehci_hcd: USB 2.0 'Enhanced' Host Controller (EHCI) Driver
[    0.785676] ehci-pci: EHCI PCI platform driver
[    0.786296] ehci-platform: EHCI generic platform driver
[    0.786956] ohci_hcd: USB 1.1 'Open' Host Controller (OHCI) Driver
[    0.787704] ohci-pci: OHCI PCI platform driver
[    0.788265] ohci-platform: OHCI generic platform driver
[    0.788885] uhci_hcd: USB Universal Host Controller Interface driver
[    0.789652] i8042: PNP: PS/2 Controller [PNP0303:PS2K,PNP0f03:PS2M] at 0x60,0x64 irq 1,12
[    0.791059] serio: i8042 KBD port at 0x60,0x64 irq 1
[    0.791676] serio: i8042 AUX port at 0x60,0x64 irq 12
[    0.792436] mousedev: PS/2 mouse device common for all mice
[    0.793305] input: AT Translated Set 2 keyboard as /devices/platform/i8042/serio0/input/input2
[    0.794669] rtc_cmos rtc_cmos: rtc core: registered rtc_cmos as rtc0
[    0.795483] rtc_cmos rtc_cmos: alarms up to one day, 114 bytes nvram
[    0.796423] i2c /dev entries driver
[    0.796895] device-mapper: uevent: version 1.0.3
[    0.797495] device-mapper: ioctl: 4.37.0-ioctl (2017-09-20) initialised: dm-devel@redhat.com
[    0.798489] ledtrig-cpu: registered to indicate activity on CPUs
[    0.799271] intel_pmc_core:  initialized
[    0.799857] NET: Registered protocol family 10
[    0.802476] Segment Routing with IPv6
[    0.802980] NET: Registered protocol family 17
[    0.803724] Key type dns_resolver registered
[    0.804335] mce: Using 0 MCE banks
[    0.804781] RAS: Correctable Errors collector initialized.
[    0.805443] sched_clock: Marking stable (804263078, 0)->(1016912879, -212649801)
[    0.806546] registered taskstats version 1
[    0.807177] Loading compiled-in X.509 certificates
[    0.809189] Loaded X.509 cert 'Build time autogenerated kernel key: de118354fe72448b469776565e76ac30c08e8db2'
[    0.811049] Loaded X.509 cert 'Canonical Ltd. Live Patch Signing: 14df34d1a87cf37625abec039ef2bf521249b969'
[    0.812585] Loaded X.509 cert 'Canonical Ltd. Kernel Module Signing: 88f752e560a1e0737e31163a466ad7b70a850c19'
[    0.813904] zswap: loaded using pool lzo/zbud
[    0.816415] Key type big_key registered
[    0.816997] Key type trusted registered
[    0.818489] Key type encrypted registered
[    0.819003] AppArmor: AppArmor sha1 policy hashing enabled
[    0.819781] ima: No TPM chip found, activating TPM-bypass! (rc=-19)
[    0.820898] ima: Allocated hash algorithm: sha1
[    0.821446] evm: HMAC attrs: 0x1
[    0.822049]   Magic number: 5:484:886
[    0.822587] rtc_cmos rtc_cmos: setting system clock to 2021-05-25 12:51:07 UTC (1621947067)
[    0.823890] BIOS EDD facility v0.16 2004-Jun-25, 0 devices found
[    0.824823] EDD information not available.
[    0.964691] Freeing unused kernel image memory: 2444K
[    0.972608] Write protecting the kernel read-only data: 20480k
[    0.973994] Freeing unused kernel image memory: 2008K
[    0.974843] Freeing unused kernel image memory: 1828K
[    0.980572] x86/mm: Checked W+X mappings: passed, no W+X pages found.
[    0.981471] x86/mm: Checking user space page tables
[    0.988669] x86/mm: Checked W+X mappings: passed, no W+X pages found.
Loading, please wait...
starting version 237
[    1.073944] e1000: Intel(R) PRO/1000 Network Driver - version 7.3.21-k8-NAPI
[    1.075597] e1000: Copyright (c) 1999-2006 Intel Corporation.
[    1.080784] Fusion MPT base driver 3.04.20
[    1.081376] Copyright (c) 1999-2008 LSI Corporation
[    1.101714] AVX2 version of gcm_enc/dec engaged.
[    1.102284] AES CTR mode by8 optimization enabled
[    1.102901] Fusion MPT SPI Host driver 3.04.20
[    1.289829] input: ImExPS/2 Generic Explorer Mouse as /devices/platform/i8042/serio1/input/input4
[    1.487947] e1000 0000:00:03.0 eth0: (PCI:33MHz:32-bit) 02:79:d1:66:99:96
[    1.488797] e1000 0000:00:03.0 eth0: Intel(R) PRO/1000 Network Connection
[    1.490335] mptbase: ioc0: Initiating bringup
[    1.584499] ioc0: LSI53C1030 A0: Capabilities={Initiator}
[    1.824868] scsi host2: ioc0: LSI53C1030 A0, FwRev=00000000h, Ports=1, MaxQ=256, IRQ=20
[    1.992263] scsi 2:0:0:0: Direct-Access     VBOX     HARDDISK         1.0  PQ: 0 ANSI: 5
[    1.993271] scsi target2:0:0: Beginning Domain Validation
[    1.995947] scsi target2:0:0: Domain Validation skipping write tests
[    1.996990] scsi target2:0:0: Ending Domain Validation
[    1.997875] scsi target2:0:0: asynchronous
[    1.998670] scsi 2:0:1:0: Direct-Access     VBOX     HARDDISK         1.0  PQ: 0 ANSI: 5
[    1.999829] scsi target2:0:1: Beginning Domain Validation
[    2.000975] random: fast init done
[    2.002798] scsi target2:0:1: Domain Validation skipping write tests
[    2.003683] scsi target2:0:1: Ending Domain Validation
[    2.004618] scsi target2:0:1: asynchronous
[    2.009034] random: systemd-udevd: uninitialized urandom read (16 bytes read)
[    2.010012] random: systemd-udevd: uninitialized urandom read (16 bytes read)
[    2.011190] random: systemd-udevd: uninitialized urandom read (16 bytes read)
[    2.012451] sd 2:0:0:0: Attached scsi generic sg0 type 0
[    2.013377] sd 2:0:0:0: [sda] 83886080 512-byte logical blocks: (42.9 GB/40.0 GiB)
[    2.014456] sd 2:0:0:0: [sda] Write Protect is off
[    2.015699] sd 2:0:0:0: [sda] Incomplete mode parameter data
[    2.016757] sd 2:0:0:0: [sda] Assuming drive cache: write through
[    2.017744] sd 2:0:1:0: [sdb] 20480 512-byte logical blocks: (10.5 MB/10.0 MiB)
[    2.018704] sd 2:0:1:0: [sdb] Write Protect is off
[    2.019705] sd 2:0:1:0: [sdb] Incomplete mode parameter data
[    2.020572] sd 2:0:1:0: [sdb] Assuming drive cache: write through
[    2.021798] sd 2:0:1:0: Attached scsi generic sg1 type 0
[    2.026781]  sda: sda1
[    2.027754] sd 2:0:1:0: [sdb] Attached SCSI disk
[    2.045715] sd 2:0:0:0: [sda] Attached SCSI disk
[    2.387369] e1000 0000:00:08.0 eth1: (PCI:33MHz:32-bit) 08:00:27:c5:7e:2a
[    2.388800] e1000 0000:00:08.0 eth1: Intel(R) PRO/1000 Network Connection
[    2.390734] e1000 0000:00:08.0 enp0s8: renamed from eth1
[    2.392648] e1000 0000:00:03.0 enp0s3: renamed from eth0
Begin: Loading essential drivers ... [    3.728489] raid6: sse2x1   gen() 12498 MB/s
[    3.776034] raid6: sse2x1   xor()  9253 MB/s
[    3.824074] raid6: sse2x2   gen() 12539 MB/s
[    3.872198] raid6: sse2x2   xor() 10333 MB/s
[    3.920300] raid6: sse2x4   gen() 18739 MB/s
[    3.968104] raid6: sse2x4   xor() 11292 MB/s
[    4.016430] raid6: avx2x1   gen() 26790 MB/s
[    4.064269] raid6: avx2x1   xor() 18092 MB/s
[    4.112447] raid6: avx2x2   gen() 31090 MB/s
[    4.160250] raid6: avx2x2   xor() 19605 MB/s
[    4.208166] raid6: avx2x4   gen() 35409 MB/s
[    4.256046] raid6: avx2x4   xor() 20696 MB/s
[    4.256985] raid6: using algorithm avx2x4 gen() 35409 MB/s
[    4.257722] raid6: .... xor() 20696 MB/s, rmw enabled
[    4.258438] raid6: using avx2x2 recovery algorithm
[    4.260421] xor: automatically using best checksumming function   avx       
[    4.262518] async_tx: api initialized (async)
done.
Begin: Running /scripts/init-premount ... done.
Begin: Mounting root file system ... Begin: Running /scripts/local-top ... done.
Begin: Running /scripts/local-premount ... [    4.305501] Btrfs loaded, crc32c=crc32c-intel
Scanning for Btrfs filesystems
done.
Warning: fsck not present, so skipping root file system
[    4.329779] EXT4-fs (sda1): mounted filesystem with ordered data mode. Opts: (null)
done.
Begin: Running /scripts/local-bottom ... done.
Begin: Running /scripts/init-bottom ... done.
[    4.466904] ip_tables: (C) 2000-2006 Netfilter Core Team
[    4.478419] systemd[1]: systemd 237 running in system mode. (+PAM +AUDIT +SELINUX +IMA +APPARMOR +SMACK +SYSVINIT +UTMP +LIBCRYPTSETUP +GCRYPT +GNUTLS +ACL +XZ +LZ4 +SECCOMP +BLKID +ELFUTILS +KMOD -IDN2 +IDN -PCRE2 default-hierarchy=hybrid)
[    4.481815] systemd[1]: Detected virtualization oracle.
[    4.482627] systemd[1]: Detected architecture x86-64.

Welcome to [1mUbuntu 18.04.5 LTS[0m!

[    4.489110] systemd[1]: Set hostname to <ubuntu>.
[    4.491969] systemd[1]: Initializing machine ID from random generator.
[    4.493329] systemd[1]: Installed transient /etc/machine-id file.
[    4.694924] systemd[1]: Reached target Swap.
[[0;32m  OK  [0m] Reached target Swap.
[    4.696475] systemd[1]: Created slice User and Session Slice.
[[0;32m  OK  [0m] Created slice User and Session Slice.
[    4.697766] systemd[1]: Reached target User and Group Name Lookups.
[[0;32m  OK  [0m] Reached target User and Group Name Lookups.
[    4.699142] systemd[1]: Started Forward Password Requests to Wall Directory Watch.
[[0;32m  OK  [0m] Started Forward Password Requests to Wall Directory Watch.
[[0;32m  OK  [0m] Created slice System Slice.
[[0;32m  OK  [0m] Listening on Journal Audit Socket.
[[0;32m  OK  [0m] Listening on Journal Socket.
[[0;32m  OK  [0m] Listening on Journal Socket (/dev/log).
         Mounting Huge Pages File System...
         Starting Set the console keyboard layout...
[[0;32m  OK  [0m] Created slice system-serial\x2dgetty.slice.
         Mounting POSIX Message Queue File System...
[[0;32m  OK  [0m] Listening on LVM2 metadata daemon socket.
[[0;32m  OK  [0m] Listening on udev Control Socket.
         Starting Load Kernel Modules...
[[0;32m  OK  [0m] Listening on Network Service Netlink Socket.
[[0;32m  OK  [0m] Listening on /dev/initctl Compatibility Named Pipe.
[[0;32m  OK  [0m] Reached target Slices.
[    4.762661] Loading iSCSI transport class v2.0-870.
         Starting Create list of required stâ€¦ce nodes for the current kernel...
[[0;32m  OK  [0m] Set up automount Arbitrary Executabâ€¦rmats File System Automount Point.
         Starting Uncomplicated firewall...
[[0;32m  OK  [0m] Listening on fsck to fsckd communication Socket.
[    4.781654] iscsi: registered transport (tcp)
         Starting File System Check on Root Device...
[    4.795263] iscsi: registered transport (iser)
[[0;32m  OK  [0m] Listening on udev Kernel Socket.
         Starting udev Coldplug all Devices...
         Mounting Kernel Debug File System...
[[0;32m  OK  [0m] Reached target System Time Synchronized.
[[0;32m  OK  [0m] Listening on LVM2 poll daemon socket.
[[0;32m  OK  [0m] Listening on Device-mapper event daemon FIFOs.
         Starting Monitoring of LVM2 mirrorsâ€¦ng dmeventd or progress polling...
[[0;32m  OK  [0m] Listening on Syslog Socket.
         Starting Journal Service...
[[0;32m  OK  [0m] Mounted Huge Pages File System.
[[0;32m  OK  [0m] Mounted POSIX Message Queue File System.
[[0;32m  OK  [0m] Started Load Kernel Modules.
[[0;32m  OK  [0m] Started Create list of required staâ€¦vice nodes for the current kernel.
[[0;32m  OK  [0m] Started Uncomplicated firewall.
[[0;32m  OK  [0m] Started File System Check on Root Device.
[[0;32m  OK  [0m] Mounted Kernel Debug File System.
[[0;32m  OK  [0m] Started File System Check Daemon to report status.
         Starting Remount Root and Kernel File Systems...
         Starting Create Static Device Nodes in /dev...
         Mounting FUSE Control File System...
         Mounting Kernel Configuration File System...
         Starting Apply Kernel Variables...
[[0;32m  OK  [0m] Mounted Kernel Configuration File System.
[[0;32m  OK  [0m] Mounted FUSE Control File System.
[[0;32m  OK  [0m] Started Set the console keyboard layout.
[[0;32m  OK  [0m] Started LVM2 metadata daemon.
[[0;32m  OK  [0m] Started Create Static Device Nodes in /dev.
[[0;32m  OK  [0m] Started udev Coldplug all Devices.
[[0;32m  OK  [0m] Started Journal Service.
[[0;32m  OK  [0m] Started Remount Root and Kernel File Systems.
[[0;32m  OK  [0m] Started Monitoring of LVM2 mirrors,â€¦sing dmeventd or progress polling.
[[0;32m  OK  [0m] Started Apply Kernel Variables.
         Starting udev Kernel Device Manager...
[[0;32m  OK  [0m] Reached target Local File Systems (Pre).
[[0;32m  OK  [0m] Reached target Local File Systems.
         Starting AppArmor initialization...
         Starting Set console font and keymap...
         Starting Commit a transient machine-id on disk...
         Starting ebtables ruleset management...
         Starting Tell Plymouth To Write Out Runtime Data...
         Starting Load/Save Random Seed...
         Starting Flush Journal to Persistent Storage...
[[0;32m  OK  [0m] Started udev Kernel Device Manager.
[[0;32m  OK  [0m] Started Dispatch Password Requests to Console Directory Watch.
[[0;32m  OK  [0m] Reached target Local Encrypted Volumes.
[[0;32m  OK  [0m] Started Set console font and keymap.
[[0;32m  OK  [0m] Started Tell Plymouth To Write Out Runtime Data.
[[0;32m  OK  [0m] Started Load/Save Random Seed.
[[0;32m  OK  [0m] Started Commit a transient machine-id on disk.
[[0;32m  OK  [0m] Started Flush Journal to Persistent Storage.
         Starting Create Volatile Files and Directories...
[[0;32m  OK  [0m] Started ebtables ruleset management.
[[0;32m  OK  [0m] Started Create Volatile Files and Directories.
         Starting Update UTMP about System Boot/Shutdown...
[[0;32m  OK  [0m] Started Update UTMP about System Boot/Shutdown.
[[0;32m  OK  [0m] Found device /dev/ttyS0.
[[0;32m  OK  [0m] Listening on Load/Save RF Kill Switch Status /dev/rfkill Watch.
[[0;32m  OK  [0m] Started AppArmor initialization.
         Starting Load AppArmor profiles managed internally by snapd...
         Starting Initial cloud-init job (pre-networking)...
[[0;32m  OK  [0m] Started Load AppArmor profiles managed internally by snapd.
[    7.638536] cloud-init[585]: Cloud-init v. 21.1-19-gbad84ad4-0ubuntu1~18.04.2 running 'init-local' at Tue, 25 May 2021 12:51:13 +0000. Up 7.31 seconds.
[[0;32m  OK  [0m] Started Initial cloud-init job (pre-networking).
[[0;32m  OK  [0m] Reached target Network (Pre).
         Starting Network Service...
[[0;32m  OK  [0m] Started Network Service.
         Starting Network Name Resolution...
         Starting Wait for Network to be Configured...
[[0;32m  OK  [0m] Started Network Name Resolution.
[[0;32m  OK  [0m] Reached target Host and Network Name Lookups.
[[0;32m  OK  [0m] Reached target Network.
[[0;32m  OK  [0m] Started Wait for Network to be Configured.
         Starting Initial cloud-init job (metadata service crawler)...
[    9.510452] cloud-init[648]: Cloud-init v. 21.1-19-gbad84ad4-0ubuntu1~18.04.2 running 'init' at Tue, 25 May 2021 12:51:16 +0000. Up 9.38 seconds.
[    9.511521] cloud-init[648]: ci-info: ++++++++++++++++++++++++++++++++++++++Net device info+++++++++++++++++++++++++++++++++++++++
[    9.512491] cloud-init[648]: ci-info: +--------+-------+----------------------------+---------------+--------+-------------------+
[    9.514080] cloud-init[648]: ci-info: | Device |   Up  |          Address           |      Mask     | Scope  |     Hw-Address    |
[    9.515231] cloud-init[648]: ci-info: +--------+-------+----------------------------+---------------+--------+-------------------+
[    9.516357] cloud-init[648]: ci-info: | enp0s3 |  True |         10.0.2.15          | 255.255.255.0 | global | 02:79:d1:66:99:96 |
[    9.519156] cloud-init[648]: ci-info: | enp0s3 |  True | fe80::79:d1ff:fe66:9996/64 |       .       |  link  | 02:79:d1:66:99:96 |
[    9.532151] cloud-init[648]: ci-info: | enp0s8 | False |             .              |       .       |   .    | 08:00:27:c5:7e:2a |
[    9.533224] cloud-init[648]: ci-info: |   lo   |  True |         127.0.0.1          |   255.0.0.0   |  host  |         .         |
[    9.534430] cloud-init[648]: ci-info: |   lo   |  True |          ::1/128           |       .       |  host  |         .         |
[    9.535754] cloud-init[648]: ci-info: +--------+-------+----------------------------+---------------+--------+-------------------+
[    9.540381] cloud-init[648]: ci-info: ++++++++++++++++++++++++++++Route IPv4 info+++++++++++++++++++++++++++++
[    9.549014] cloud-init[648]: ci-info: +-------+-------------+----------+-----------------+-----------+-------+
[    9.549978] cloud-init[648]: ci-info: | Route | Destination | Gateway  |     Genmask     | Interface | Flags |
[    9.560192] cloud-init[648]: ci-info: +-------+-------------+----------+-----------------+-----------+-------+
[    9.561160] cloud-init[648]: ci-info: |   0   |   0.0.0.0   | 10.0.2.2 |     0.0.0.0     |   enp0s3  |   UG  |
[    9.562096] cloud-init[648]: ci-info: |   1   |   10.0.2.0  | 0.0.0.0  |  255.255.255.0  |   enp0s3  |   U   |
[    9.563047] cloud-init[648]: ci-info: |   2   |   10.0.2.2  | 0.0.0.0  | 255.255.255.255 |   enp0s3  |   UH  |
[    9.564167] cloud-init[648]: ci-info: +-------+-------------+----------+-----------------+-----------+-------+
[    9.576215] cloud-init[648]: ci-info: +++++++++++++++++++Route IPv6 info+++++++++++++++++++
[    9.577053] cloud-init[648]: ci-info: +-------+-------------+---------+-----------+-------+
[    9.577879] cloud-init[648]: ci-info: | Route | Destination | Gateway | Interface | Flags |
[    9.578685] cloud-init[648]: ci-info: +-------+-------------+---------+-----------+-------+
[    9.579398] cloud-init[648]: ci-info: |   1   |  fe80::/64  |    ::   |   enp0s3  |   U   |
[    9.580231] cloud-init[648]: ci-info: |   3   |    local    |    ::   |   enp0s3  |   U   |
[    9.581050] cloud-init[648]: ci-info: |   4   |   ff00::/8  |    ::   |   enp0s3  |   U   |
[    9.583206] cloud-init[648]: ci-info: +-------+-------------+---------+-----------+-------+
[   10.119303] cloud-init[648]: Generating public/private rsa key pair.
[   10.120128] cloud-init[648]: Your identification has been saved in /etc/ssh/ssh_host_rsa_key.
[   10.120976] cloud-init[648]: Your public key has been saved in /etc/ssh/ssh_host_rsa_key.pub.
[   10.121862] cloud-init[648]: The key fingerprint is:
[   10.124456] cloud-init[648]: SHA256:ichOKMaz9lmJgi/E+NhHSlaQZ78TlkYWi1rUyv3NfPc root@ubuntu-bionic
[   10.136229] cloud-init[648]: The key's randomart image is:
[   10.136932] cloud-init[648]: +---[RSA 2048]----+
[   10.148200] cloud-init[648]: |   .....         |
[   10.160339] cloud-init[648]: |  o.o.+.         |
[   10.160907] cloud-init[648]: |   =o*..         |
[   10.161314] cloud-init[648]: |.  =+.B. .       |
[   10.161786] cloud-init[648]: |++o.+o.+S+       |
[   10.162270] cloud-init[648]: |++=oo + . + . .  |
[   10.162833] cloud-init[648]: |oX +.o .   . . . |
[   10.163369] cloud-init[648]: |+.* +           E|
[   10.166685] cloud-init[648]: | ..+             |
[   10.167282] cloud-init[648]: +----[SHA256]-----+
[   10.167938] cloud-init[648]: Generating public/private dsa key pair.
[   10.168837] cloud-init[648]: Your identification has been saved in /etc/ssh/ssh_host_dsa_key.
[[0;32m  OK  [0m] Started Initial cloud-init job (metadata service crawler).
[[0;32m  OK  [0m] Reached target System Initialization.
         Starting Socket activation for snappy daemon.
[   10.173304] cloud-init[648]: Your public key has been saved in /etc/ssh/ssh_host_dsa_key.pub.
[[0;32m  OK  [0m] Started Message of the Day.
[   10.175307] [[0;32m  OK  [0m] Started ACPI Events Check.
         Starting LXD - unix socket.
[[0;32m  OK  [0m] Started Daily apt download activities.
[[0;32m  OK  [0m] Started Daily apt upgrade and clean activities.
[[0;32m  OK  [0m] Started Daily Cleanup of Temporary Directories.
[[0;32m  OK  [0m] Listening on D-Bus System Message Bus Socket.
[[0;32m  OK  [0m] Started Ubuntu Advantage update messaging.
[[0;32m  OK  [0mcloud-init[648]: The key fingerprint is:
[   10.186467] cloud-init[648]: SHA256:DycOCXofl0j6SO3OaYnDLFR4+Jd5rGzCpmZSK8WIYHk root@ubuntu-bionic
[   10.187298] cloud-init[648]: The key's randomart image is:
[   10.187814] cloud-init[648]: +---[DSA 1024]----+
] Started Discard unused blocks once a week.
[[0;32m  OK  [0m] Reached target Timers.
[[0;32m  OK  [0m] Listening on ACPID Listen Socket.
[[0;32m  OK  [0m] Listening on UUID daemon activation socket.
[[0;32m  OK  [0m] Reached target Paths.
[[0;32m  OK  [0m] Listening on Open-iSCSI iscsid Socket.
[[0;32m  OK  [0m] Reached target Cloud-config availability.
[[0;32m  OK  [0m] Reached target Network is Online.
[   10.195996] cloud-init[648]: |                 |
         Starting Availability of block devices...
[[0;32m  OK  [0m] Reached target Remote File Systems (Pre).
[[0;32m  OK  [0m] Reached target Remote File Systems.
[[0;32m  OK  [0m] Listening on Socket activation for snappy daemon.
[   10.200731] cloud-init[648]: |                 |[[0;32m  OK  [0m] Listening on LXD - unix socket.
[   10.205955] cloud-init[648]: |  .o. .          |
[   10.206689] cloud-init[648]: |.ooEo= o .       |
[   10.206868] cloud-init[648]: |+oo++ *+S .      |
[   10.206946] cloud-init[648]: |o =o.=+=o=       |
[   10.207021] cloud-init[648]: | + =.+++. .      |
[[0;32m  OK  [0m] Started Availability of block devices.
[[0;32m  OK  [0m] Reached target Sockets.
[[0;32m  OK  [0m] Reached target Basic System.

[   10.213468] cloud-init[648]: |o = Oo*.         |
         Starting Virtualbox guest utils...
         Starting System Logging Service...
[[0;32m  OK  [0m] Started Deferred execution scheduler.
         Starting Dispatcher daemon for systemd-networkd...
[   10.228089] cloud-init[648]: | =.+ =+          |
         Starting Permit User Sessions...
         Starting Pollinate to seed the pseudo random number generator...
[   10.236451] cloud-init[648]: +----[SHA256]-----+
         Starting LSB: automatic crash report generation...[   10.243542] cloud-init[648]: Generating public/private ecdsa key pair.
[[0;32m  OK  [0m] Started FUSE filesystem for LXC.
[   10.247469] 
cloud-init[648]: Your identification has been saved in /etc/ssh/ssh_host_ecdsa_key.
         Starting LXD - container startup/shutdown...
[   10.252875] cloud-init[648]: Your public key has been saved in /etc/ssh/ssh_host_ecdsa_key.pub.
[   10.255133] cloud-init[648]: The key fingerprint is:
[   10.257372] cloud-init[648]: SHA256:zSg/WJTc80q2GgpIapRAJlED8e2GOpQ5sGQu4+ma+0Q root@ubuntu-bionic
[   10.263314] cloud-init[648]: The key's randomart image is:
[   10.264503] cloud-init[648]: +---[ECDSA 256]---+
[   10.266347] cloud-init[648]: |=Bo              |
[   10.267146] cloud-init[648]: |+. o   . o       |
[   10.269373] cloud-init[648]: |oo. .   + o      |
[   10.273770] cloud-init[648]: |*.+o   . + o     |
[   10.275548] cloud-init[648]: |+OE o . S = .    |
[   10.276420] cloud-init[648]: |=*oo   = o o     |
[   10.278116] cloud-init[648]: |++o . . + o      |
[   10.278871] cloud-init[648]: |o+   . . +       |
[   10.280077] cloud-init[648]: |=+.   . .        |
[   10.290238] cloud-init[648]: +----[SHA256]-----+
[   10.291061] cloud-init[648]: Generating public/private ed25519 key pair.
[   10.297506] cloud-init[648]: Your identification has been saved in /etc/ssh/ssh_host_ed25519_key.
[   10.299604] cloud-init[648]: Your public key has been saved in /etc/ssh/ssh_host_ed25519_key.pub.
[   10.305806] cloud-init[648]: The key fingerprint is:
[[0;32m  OK  [0m] Started irqbalance daemon.
         Starting LSB: Record successful boot for GRUB...
[   10.314726] cloud-init[648]: SHA256:4h6GfossVulTs6qyew/jOIzOwT+bqscEClHHy7Q1G3A root@ubuntu-bionic
         Starting Login Service...
[   10.323230] cloud-init[648]: The key's randomart image is:
[   10.327212] cloud-init[648]: +--[ED25519 256]--+
[   10.328841] cloud-init[648]: | ...o.E          |
[   10.331047] cloud-init[648]: |.  .o.+          |
[   10.333262] cloud-init[648]: | . o + +         |
[   10.334305] cloud-init[648]: |o   + .          |
[   10.338741] cloud-init[648]: |o.   .. S        |
[   10.340504] cloud-init[648]: |o . ooo.         |
[   10.344423] cloud-init[648]: |o=oo..+o         |
         Starting Snap Daemon...
[   10.349036] cloud-init[648]: |=+O*++o.         |
[   10.361260] cloud-init[648]: |B%+BO+o.         |
[   10.361833] cloud-init[648]: +----[SHA256]-----+
[[0;32m  OK  [0m] Started Regular background program processing daemon.
[[0;32m  OK  [0m] Started D-Bus System Message Bus.
[[0;32m  OK  [0m] Started Login Service.
[[0;32m  OK  [0m] Started Unattended Upgrades Shutdown.
         Starting Accounts Service...
[[0;32m  OK  [0m] Started System Logging Service.
[[0;32m  OK  [0m] Started Permit User Sessions.
         Starting Terminate Plymouth Boot Screen...
         Starting Hold until boot process finishes up...
[[0;32m  OK  [0m] Started Hold until boot process finishes up.
[[0;32m  OK  [0m] Started Serial Getty on ttyS0.
         Starting Set console scheme...
[[0;32m  OK  [0m] Started Terminate Plymouth Boot Screen.
[[0;32m  OK  [0m] Started Set console scheme.
[[0;32m  OK  [0m] Created slice system-getty.slice.
[[0;32m  OK  [0m] Started Getty on tty1.
[[0;32m  OK  [0m] Reached target Login Prompts.
[[0;32m  OK  [0m] Started LSB: automatic crash report generation.
[[0;32m  OK  [0m] Started LSB: Record successful boot for GRUB.
         Starting Authorization Manager...
[[0;32m  OK  [0m] Started Dispatcher daemon for systemd-networkd.
[[0;32m  OK  [0m] Started Authorization Manager.
[[0;32m  OK  [0m] Started Accounts Service.
[[0;32m  OK  [0m] Started LXD - container startup/shutdown.
[[0;32m  OK  [0m] Started Virtualbox guest utils.
[[0;32m  OK  [0m] Started Snap Daemon.
         Starting Wait until snapd is fully seeded...
[[0;32m  OK  [0m] Started Pollinate to seed the pseudo random number generator.
         Starting OpenBSD Secure Shell server...
[[0;32m  OK  [0m] Started OpenBSD Secure Shell server.
[[0;32m  OK  [0m] Created slice User Slice of vagrant.
         Starting User Manager for UID 1000...
[[0;32m  OK  [0m] Started Session 1 of user vagrant.
[[0;32m  OK  [0m] Started User Manager for UID 1000.
[[0;32m  OK  [0m] Started Wait until snapd is fully seeded.
         Starting Apply the settings specified in cloud-config...
[[0;32m  OK  [0m] Reached target Multi-User System.
[[0;32m  OK  [0m] Reached target Graphical Interface.
         Starting Update UTMP about System Runlevel Changes...
[[0;32m  OK  [0m] Started Update UTMP about System Runlevel Changes.
[   15.136415] cloud-init[1099]: Cloud-init v. 21.1-19-gbad84ad4-0ubuntu1~18.04.2 running 'modules:config' at Tue, 25 May 2021 12:51:20 +0000. Up 13.93 seconds.
[[0;32m  OK  [0m] Started Apply the settings specified in cloud-config.
         Starting Execute cloud user/final scripts...
ci-info: no authorized SSH keys fingerprints found for user ubuntu.
<14>May 25 12:51:22 ec2: 
<14>May 25 12:51:22 ec2: #############################################################
<14>May 25 12:51:22 ec2: -----BEGIN SSH HOST KEY FINGERPRINTS-----
<14>May 25 12:51:22 ec2: 1024 SHA256:DycOCXofl0j6SO3OaYnDLFR4+Jd5rGzCpmZSK8WIYHk root@ubuntu-bionic (DSA)
<14>May 25 12:51:22 ec2: 256 SHA256:zSg/WJTc80q2GgpIapRAJlED8e2GOpQ5sGQu4+ma+0Q root@ubuntu-bionic (ECDSA)
<14>May 25 12:51:22 ec2: 256 SHA256:4h6GfossVulTs6qyew/jOIzOwT+bqscEClHHy7Q1G3A root@ubuntu-bionic (ED25519)
<14>May 25 12:51:22 ec2: 2048 SHA256:ichOKMaz9lmJgi/E+NhHSlaQZ78TlkYWi1rUyv3NfPc root@ubuntu-bionic (RSA)
<14>May 25 12:51:22 ec2: -----END SSH HOST KEY FINGERPRINTS-----
<14>May 25 12:51:22 ec2: #############################################################
-----BEGIN SSH HOST KEY KEYS-----
ecdsa-sha2-nistp256 AAAAE2VjZHNhLXNoYTItbmlzdHAyNTYAAAAIbmlzdHAyNTYAAABBBPKyRTtA8lvqku8NdKqoEJW+/6RVs5HHYmzPFsTlMD9vOqbC+gKcWguAde+n+9BTV9qCRoSdZhkxmBQVu0C5YQM= root@ubuntu-bionic
ssh-ed25519 AAAAC3NzaC1lZDI1NTE5AAAAIJ7WxU6fdQPNma7f1nbmrRS+8+3WJANSdeg3DappfxFp root@ubuntu-bionic
ssh-rsa AAAAB3NzaC1yc2EAAAADAQABAAABAQC+Hu4i40QWC84vZzVat48VUepBjV271z44ij/QyLH6pZWYvGfqHuOTE+N3FKQwdgrNK5R/aOVFRSmYJQHmii9d6VjValfPdrcOQ3SHsJH6+vxgcI/gWsjlHMCuZu0XoZRoOFXFw31rAly2u+Xd7uWr43hdLG0IV2BIXcLocRas63ag0U6XBCQNV2izGRDpVXXHyf/LoV+lvXuHeIfOdrGksYgPVQxE2XjoGpogxF4fK8hghAkfcQCwdxfGDjDAy9ZB3FOWT0yunSuOVFCLANz4VtJW25Ive2FlvwvRif/Q9GmR1nAlRNw8I0eEBcwFrswCFdp8Uennw4P65wb8ixxj root@ubuntu-bionic
-----END SSH HOST KEY KEYS-----
[   15.930746] cloud-init[1204]: Cloud-init v. 21.1-19-gbad84ad4-0ubuntu1~18.04.2 running 'modules:final' at Tue, 25 May 2021 12:51:22 +0000. Up 15.79 seconds.
[   15.932027] cloud-init[1204]: ci-info: no authorized SSH keys fingerprints found for user ubuntu.
[   15.933025] cloud-init[1204]: Cloud-init v. 21.1-19-gbad84ad4-0ubuntu1~18.04.2 finished at Tue, 25 May 2021 12:51:22 +0000. Datasource DataSourceNoCloud [seed=/dev/sdb][dsmode=net].  Up 15.92 seconds

Ubuntu 18.04.5 LTS ubuntu-bionic ttyS0

ubuntu-bionic login: 